This is pdfTeX, Version 3.141592653-2.6-1.40.27 (MiKTeX 25.4) (preloaded format=pdflatex 2025.12.22)  27 FEB 2026 16:16
entering extended mode
 restricted \write18 enabled.
 %&-line parsing enabled.
**./Interim_Report_Main.tex
(Interim_Report_Main.tex
LaTeX2e <2025-11-01>
L3 programming layer <2025-11-06>
(C:\Users\user\AppData\Local\Programs\MiKTeX\tex/latex/base\article.cls
Document Class: article 2025/01/22 v1.4n Standard LaTeX document class
(C:\Users\user\AppData\Local\Programs\MiKTeX\tex/latex/base\fleqn.clo
File: fleqn.clo 2016/12/29 v1.2b Standard LaTeX option (flush left equations)
\mathindent=\skip49
Applying: [2015/01/01] Make \[ robust on input line 50.
LaTeX Info: Redefining \[ on input line 51.
Already applied: [0000/00/00] Make \[ robust on input line 62.
Applying: [2015/01/01] Make \] robust on input line 74.
LaTeX Info: Redefining \] on input line 75.
Already applied: [0000/00/00] Make \] robust on input line 83.
)
(C:\Users\user\AppData\Local\Programs\MiKTeX\tex/latex/base\size12.clo
File: size12.clo 2025/01/22 v1.4n Standard LaTeX file (size option)
)
\c@part=\count275
\c@section=\count276
\c@subsection=\count277
\c@subsubsection=\count278
\c@paragraph=\count279
\c@subparagraph=\count280
\c@figure=\count281
\c@table=\count282
\abovecaptionskip=\skip50
\belowcaptionskip=\skip51
\bibindent=\dimen148
)
(C:\Users\user\AppData\Local\Programs\MiKTeX\tex/latex/ntgclass\a4.sty
Package: a4 2023/01/10 v1.2g A4 based page layout
)
(C:\Users\user\AppData\Local\Programs\MiKTeX\tex/latex/graphics\graphicx.sty
Package: graphicx 2024/12/31 v1.2e Enhanced LaTeX Graphics (DPC,SPQR)

(C:\Users\user\AppData\Local\Programs\MiKTeX\tex/latex/graphics\keyval.sty
Package: keyval 2022/05/29 v1.15 key=value parser (DPC)
\KV@toks@=\toks17
)
(C:\Users\user\AppData\Local\Programs\MiKTeX\tex/latex/graphics\graphics.sty
Package: graphics 2024/08/06 v1.4g Standard LaTeX Graphics (DPC,SPQR)

(C:\Users\user\AppData\Local\Programs\MiKTeX\tex/latex/graphics\trig.sty
Package: trig 2023/12/02 v1.11 sin cos tan (DPC)
)
(C:\Users\user\AppData\Local\Programs\MiKTeX\tex/latex/graphics-cfg\graphics.cf
g
File: graphics.cfg 2016/06/04 v1.11 sample graphics configuration
)
Package graphics Info: Driver file: pdftex.def on input line 106.

(C:\Users\user\AppData\Local\Programs\MiKTeX\tex/latex/graphics-def\pdftex.def
File: pdftex.def 2025/09/29 v1.2d Graphics/color driver for pdftex
))
\Gin@req@height=\dimen149
\Gin@req@width=\dimen150
) (C:\Users\user\AppData\Local\Programs\MiKTeX\tex/latex/amsmath\amsmath.sty
Package: amsmath 2025/07/09 v2.17z AMS math features
\@mathmargin=\skip52

For additional information on amsmath, use the `?' option.
(C:\Users\user\AppData\Local\Programs\MiKTeX\tex/latex/amsmath\amstext.sty
Package: amstext 2024/11/17 v2.01 AMS text

(C:\Users\user\AppData\Local\Programs\MiKTeX\tex/latex/amsmath\amsgen.sty
File: amsgen.sty 1999/11/30 v2.0 generic functions
\@emptytoks=\toks18
\ex@=\dimen151
))
(C:\Users\user\AppData\Local\Programs\MiKTeX\tex/latex/amsmath\amsbsy.sty
Package: amsbsy 1999/11/29 v1.2d Bold Symbols
\pmbraise@=\dimen152
)
(C:\Users\user\AppData\Local\Programs\MiKTeX\tex/latex/amsmath\amsopn.sty
Package: amsopn 2022/04/08 v2.04 operator names
)
\inf@bad=\count283
LaTeX Info: Redefining \frac on input line 233.
\uproot@=\count284
\leftroot@=\count285
LaTeX Info: Redefining \overline on input line 398.
LaTeX Info: Redefining \colon on input line 409.
\classnum@=\count286
\DOTSCASE@=\count287
LaTeX Info: Redefining \ldots on input line 495.
LaTeX Info: Redefining \dots on input line 498.
LaTeX Info: Redefining \cdots on input line 619.
\Mathstrutbox@=\box53
\strutbox@=\box54
LaTeX Info: Redefining \big on input line 721.
LaTeX Info: Redefining \Big on input line 722.
LaTeX Info: Redefining \bigg on input line 723.
LaTeX Info: Redefining \Bigg on input line 724.
\big@size=\dimen153
LaTeX Font Info:    Redeclaring font encoding OML on input line 742.
LaTeX Font Info:    Redeclaring font encoding OMS on input line 743.
\macc@depth=\count288
LaTeX Info: Redefining \bmod on input line 904.
LaTeX Info: Redefining \pmod on input line 909.
LaTeX Info: Redefining \smash on input line 939.
LaTeX Info: Redefining \relbar on input line 969.
LaTeX Info: Redefining \Relbar on input line 970.
\c@MaxMatrixCols=\count289
\dotsspace@=\muskip17
\c@parentequation=\count290
\dspbrk@lvl=\count291
\tag@help=\toks19
\row@=\count292
\column@=\count293
\maxfields@=\count294
\andhelp@=\toks20
\eqnshift@=\dimen154
\alignsep@=\dimen155
\tagshift@=\dimen156
\tagwidth@=\dimen157
\totwidth@=\dimen158
\lineht@=\dimen159
\@envbody=\toks21
\multlinegap=\skip53
\multlinetaggap=\skip54
\mathdisplay@stack=\toks22
LaTeX Info: Redefining \[ on input line 2950.
LaTeX Info: Redefining \] on input line 2951.
)
(C:\Users\user\AppData\Local\Programs\MiKTeX\tex/latex/amsfonts\amssymb.sty
Package: amssymb 2013/01/14 v3.01 AMS font symbols

(C:\Users\user\AppData\Local\Programs\MiKTeX\tex/latex/amsfonts\amsfonts.sty
Package: amsfonts 2013/01/14 v3.01 Basic AMSFonts support
\symAMSa=\mathgroup4
\symAMSb=\mathgroup5
LaTeX Font Info:    Redeclaring math symbol \hbar on input line 98.
LaTeX Font Info:    Overwriting math alphabet `\mathfrak' in version `bold'
(Font)                  U/euf/m/n --> U/euf/b/n on input line 106.
))
(C:\Users\user\AppData\Local\Programs\MiKTeX\tex/latex/booktabs\booktabs.sty
Package: booktabs 2020/01/12 v1.61803398 Publication quality tables
\heavyrulewidth=\dimen160
\lightrulewidth=\dimen161
\cmidrulewidth=\dimen162
\belowrulesep=\dimen163
\belowbottomsep=\dimen164
\aboverulesep=\dimen165
\abovetopsep=\dimen166
\cmidrulesep=\dimen167
\cmidrulekern=\dimen168
\defaultaddspace=\dimen169
\@cmidla=\count295
\@cmidlb=\count296
\@aboverulesep=\dimen170
\@belowrulesep=\dimen171
\@thisruleclass=\count297
\@lastruleclass=\count298
\@thisrulewidth=\dimen172
)
(C:\Users\user\AppData\Local\Programs\MiKTeX\tex/latex/cite\cite.sty
LaTeX Info: Redefining \cite on input line 302.
LaTeX Info: Redefining \nocite on input line 332.
Package: cite 2015/02/27  v 5.5
)
(C:\Users\user\AppData\Local\Programs\MiKTeX\tex/latex/float\float.sty
Package: float 2001/11/08 v1.3d Float enhancements (AL)
\c@float@type=\count299
\float@exts=\toks23
\float@box=\box55
\@float@everytoks=\toks24
\@floatcapt=\box56
)
(C:\Users\user\AppData\Local\Programs\MiKTeX\tex/latex/caption\subcaption.sty
Package: subcaption 2023/07/28 v1.6b Sub-captions (AR)

(C:\Users\user\AppData\Local\Programs\MiKTeX\tex/latex/caption\caption.sty
Package: caption 2023/08/05 v3.6o Customizing captions (AR)

(C:\Users\user\AppData\Local\Programs\MiKTeX\tex/latex/caption\caption3.sty
Package: caption3 2023/07/31 v2.4d caption3 kernel (AR)
\caption@tempdima=\dimen173
\captionmargin=\dimen174
\caption@leftmargin=\dimen175
\caption@rightmargin=\dimen176
\caption@width=\dimen177
\caption@indent=\dimen178
\caption@parindent=\dimen179
\caption@hangindent=\dimen180
Package caption Info: Standard document class detected.
)
\c@caption@flags=\count300
\c@continuedfloat=\count301
Package caption Info: float package is loaded.
)
Package caption Info: New subtype `subfigure' on input line 238.
\c@subfigure=\count302
Package caption Info: New subtype `subtable' on input line 238.
\c@subtable=\count303
)
(C:\Users\user\AppData\Local\Programs\MiKTeX\tex/latex/tools\array.sty
Package: array 2025/09/25 v2.6n Tabular extension package (FMi)
\col@sep=\dimen181
\ar@mcellbox=\box57
\extrarowheight=\dimen182
\NC@list=\toks25
\extratabsurround=\skip55
\backup@length=\skip56
\ar@cellbox=\box58
)
(C:\Users\user\AppData\Local\Programs\MiKTeX\tex/latex/tools\longtable.sty
Package: longtable 2025-10-13 v4.24 Multi-page Table package (DPC)
\LTleft=\skip57
\LTright=\skip58
\LTpre=\skip59
\LTpost=\skip60
\LTchunksize=\count304
\LTcapwidth=\dimen183
\LT@head=\box59
\LT@firsthead=\box60
\LT@foot=\box61
\LT@lastfoot=\box62
\LT@gbox=\box63
\LT@cols=\count305
\LT@rows=\count306
\c@LT@tables=\count307
\c@LT@chunks=\count308
\LT@p@ftn=\toks26
)
(C:\Users\user\AppData\Local\Programs\MiKTeX\tex/latex/multirow\multirow.sty
Package: multirow 2024/11/12 v2.9 Span multiple rows of a table
\multirow@colwidth=\skip61
\multirow@cntb=\count309
\multirow@dima=\skip62
\bigstrutjot=\dimen184
)
(C:\Users\user\AppData\Local\Programs\MiKTeX\tex/latex/xcolor\xcolor.sty
Package: xcolor 2024/09/29 v3.02 LaTeX color extensions (UK)

(C:\Users\user\AppData\Local\Programs\MiKTeX\tex/latex/graphics-cfg\color.cfg
File: color.cfg 2016/01/02 v1.6 sample color configuration
)
Package xcolor Info: Driver file: pdftex.def on input line 274.

(C:\Users\user\AppData\Local\Programs\MiKTeX\tex/latex/graphics\mathcolor.ltx)
Package xcolor Info: Model `cmy' substituted by `cmy0' on input line 1349.
Package xcolor Info: Model `hsb' substituted by `rgb' on input line 1353.
Package xcolor Info: Model `RGB' extended on input line 1365.
Package xcolor Info: Model `HTML' substituted by `rgb' on input line 1367.
Package xcolor Info: Model `Hsb' substituted by `hsb' on input line 1368.
Package xcolor Info: Model `tHsb' substituted by `hsb' on input line 1369.
Package xcolor Info: Model `HSB' substituted by `hsb' on input line 1370.
Package xcolor Info: Model `Gray' substituted by `gray' on input line 1371.
Package xcolor Info: Model `wave' substituted by `hsb' on input line 1372.
) (C:\Users\user\AppData\Local\Programs\MiKTeX\tex/latex/listings\listings.sty
\lst@mode=\count310
\lst@gtempboxa=\box64
\lst@token=\toks27
\lst@length=\count311
\lst@currlwidth=\dimen185
\lst@column=\count312
\lst@pos=\count313
\lst@lostspace=\dimen186
\lst@width=\dimen187
\lst@newlines=\count314
\lst@lineno=\count315
\lst@maxwidth=\dimen188

(C:\Users\user\AppData\Local\Programs\MiKTeX\tex/latex/listings\lstpatch.sty
File: lstpatch.sty 2025/11/14 1.11b (Carsten Heinz)
)
(C:\Users\user\AppData\Local\Programs\MiKTeX\tex/latex/listings\lstmisc.sty
File: lstmisc.sty 2025/11/14 1.11b (Carsten Heinz)
\c@lstnumber=\count316
\lst@skipnumbers=\count317
\lst@framebox=\box65
)
(C:\Users\user\AppData\Local\Programs\MiKTeX\tex/latex/listings\listings.cfg
File: listings.cfg 2025/11/14 1.11b listings configuration
))
Package: listings 2025/11/14 1.11b (Carsten Heinz)

==> First Aid for listings.sty no longer applied!
    Expected:
        2024/09/23 1.10c (Carsten Heinz)
    but found:
        2025/11/14 1.11b (Carsten Heinz)
    so I'm assuming it got fixed.
(C:\Users\user\AppData\Local\Programs\MiKTeX\tex/latex/pgfgantt\pgfgantt.sty
Package: pgfgantt 2024/06/19 v5.0a Draw Gantt diagrams with TikZ

(C:\Users\user\AppData\Local\Programs\MiKTeX\tex/latex/pgf/frontendlayer\tikz.s
ty
(C:\Users\user\AppData\Local\Programs\MiKTeX\tex/latex/pgf/basiclayer\pgf.sty
(C:\Users\user\AppData\Local\Programs\MiKTeX\tex/latex/pgf/utilities\pgfrcs.sty

(C:\Users\user\AppData\Local\Programs\MiKTeX\tex/generic/pgf/utilities\pgfutil-
common.tex
\pgfutil@everybye=\toks28
\pgfutil@tempdima=\dimen189
\pgfutil@tempdimb=\dimen190
)
(C:\Users\user\AppData\Local\Programs\MiKTeX\tex/generic/pgf/utilities\pgfutil-
latex.def
\pgfutil@abb=\box66
)
(C:\Users\user\AppData\Local\Programs\MiKTeX\tex/generic/pgf/utilities\pgfrcs.c
ode.tex
(C:\Users\user\AppData\Local\Programs\MiKTeX\tex/generic/pgf\pgf.revision.tex)
Package: pgfrcs 2025-08-29 v3.1.11a (3.1.11a)
))
Package: pgf 2025-08-29 v3.1.11a (3.1.11a)

(C:\Users\user\AppData\Local\Programs\MiKTeX\tex/latex/pgf/basiclayer\pgfcore.s
ty
(C:\Users\user\AppData\Local\Programs\MiKTeX\tex/latex/pgf/systemlayer\pgfsys.s
ty
(C:\Users\user\AppData\Local\Programs\MiKTeX\tex/generic/pgf/systemlayer\pgfsys
.code.tex
Package: pgfsys 2025-08-29 v3.1.11a (3.1.11a)

(C:\Users\user\AppData\Local\Programs\MiKTeX\tex/generic/pgf/utilities\pgfkeys.
code.tex
\pgfkeys@pathtoks=\toks29
\pgfkeys@temptoks=\toks30

(C:\Users\user\AppData\Local\Programs\MiKTeX\tex/generic/pgf/utilities\pgfkeysl
ibraryfiltered.code.tex
\pgfkeys@tmptoks=\toks31
))
\pgf@x=\dimen191
\pgf@y=\dimen192
\pgf@xa=\dimen193
\pgf@ya=\dimen194
\pgf@xb=\dimen195
\pgf@yb=\dimen196
\pgf@xc=\dimen197
\pgf@yc=\dimen198
\pgf@xd=\dimen199
\pgf@yd=\dimen256
\w@pgf@writea=\write3
\r@pgf@reada=\read2
\c@pgf@counta=\count318
\c@pgf@countb=\count319
\c@pgf@countc=\count320
\c@pgf@countd=\count321
\t@pgf@toka=\toks32
\t@pgf@tokb=\toks33
\t@pgf@tokc=\toks34
\pgf@sys@id@count=\count322

(C:\Users\user\AppData\Local\Programs\MiKTeX\tex/generic/pgf/systemlayer\pgf.cf
g
File: pgf.cfg 2025-08-29 v3.1.11a (3.1.11a)
)
Driver file for pgf: pgfsys-pdftex.def

(C:\Users\user\AppData\Local\Programs\MiKTeX\tex/generic/pgf/systemlayer\pgfsys
-pdftex.def
File: pgfsys-pdftex.def 2025-08-29 v3.1.11a (3.1.11a)

(C:\Users\user\AppData\Local\Programs\MiKTeX\tex/generic/pgf/systemlayer\pgfsys
-common-pdf.def
File: pgfsys-common-pdf.def 2025-08-29 v3.1.11a (3.1.11a)
)))
(C:\Users\user\AppData\Local\Programs\MiKTeX\tex/generic/pgf/systemlayer\pgfsys
softpath.code.tex
File: pgfsyssoftpath.code.tex 2025-08-29 v3.1.11a (3.1.11a)
\pgfsyssoftpath@smallbuffer@items=\count323
\pgfsyssoftpath@bigbuffer@items=\count324
)
(C:\Users\user\AppData\Local\Programs\MiKTeX\tex/generic/pgf/systemlayer\pgfsys
protocol.code.tex
File: pgfsysprotocol.code.tex 2025-08-29 v3.1.11a (3.1.11a)
))
(C:\Users\user\AppData\Local\Programs\MiKTeX\tex/generic/pgf/basiclayer\pgfcore
.code.tex
Package: pgfcore 2025-08-29 v3.1.11a (3.1.11a)

(C:\Users\user\AppData\Local\Programs\MiKTeX\tex/generic/pgf/math\pgfmath.code.
tex
(C:\Users\user\AppData\Local\Programs\MiKTeX\tex/generic/pgf/math\pgfmathutil.c
ode.tex)
(C:\Users\user\AppData\Local\Programs\MiKTeX\tex/generic/pgf/math\pgfmathparser
.code.tex
\pgfmath@dimen=\dimen257
\pgfmath@count=\count325
\pgfmath@box=\box67
\pgfmath@toks=\toks35
\pgfmath@stack@operand=\toks36
\pgfmath@stack@operation=\toks37
)
(C:\Users\user\AppData\Local\Programs\MiKTeX\tex/generic/pgf/math\pgfmathfuncti
ons.code.tex)
(C:\Users\user\AppData\Local\Programs\MiKTeX\tex/generic/pgf/math\pgfmathfuncti
ons.basic.code.tex)
(C:\Users\user\AppData\Local\Programs\MiKTeX\tex/generic/pgf/math\pgfmathfuncti
ons.trigonometric.code.tex)
(C:\Users\user\AppData\Local\Programs\MiKTeX\tex/generic/pgf/math\pgfmathfuncti
ons.random.code.tex)
(C:\Users\user\AppData\Local\Programs\MiKTeX\tex/generic/pgf/math\pgfmathfuncti
ons.comparison.code.tex)
(C:\Users\user\AppData\Local\Programs\MiKTeX\tex/generic/pgf/math\pgfmathfuncti
ons.base.code.tex)
(C:\Users\user\AppData\Local\Programs\MiKTeX\tex/generic/pgf/math\pgfmathfuncti
ons.round.code.tex)
(C:\Users\user\AppData\Local\Programs\MiKTeX\tex/generic/pgf/math\pgfmathfuncti
ons.misc.code.tex)
(C:\Users\user\AppData\Local\Programs\MiKTeX\tex/generic/pgf/math\pgfmathfuncti
ons.integerarithmetics.code.tex)
(C:\Users\user\AppData\Local\Programs\MiKTeX\tex/generic/pgf/math\pgfmathcalc.c
ode.tex)
(C:\Users\user\AppData\Local\Programs\MiKTeX\tex/generic/pgf/math\pgfmathfloat.
code.tex
\c@pgfmathroundto@lastzeros=\count326
))
(C:\Users\user\AppData\Local\Programs\MiKTeX\tex/generic/pgf/math\pgfint.code.t
ex)
(C:\Users\user\AppData\Local\Programs\MiKTeX\tex/generic/pgf/basiclayer\pgfcore
points.code.tex
File: pgfcorepoints.code.tex 2025-08-29 v3.1.11a (3.1.11a)
\pgf@picminx=\dimen258
\pgf@picmaxx=\dimen259
\pgf@picminy=\dimen260
\pgf@picmaxy=\dimen261
\pgf@pathminx=\dimen262
\pgf@pathmaxx=\dimen263
\pgf@pathminy=\dimen264
\pgf@pathmaxy=\dimen265
\pgf@xx=\dimen266
\pgf@xy=\dimen267
\pgf@yx=\dimen268
\pgf@yy=\dimen269
\pgf@zx=\dimen270
\pgf@zy=\dimen271
)
(C:\Users\user\AppData\Local\Programs\MiKTeX\tex/generic/pgf/basiclayer\pgfcore
pathconstruct.code.tex
File: pgfcorepathconstruct.code.tex 2025-08-29 v3.1.11a (3.1.11a)
\pgf@path@lastx=\dimen272
\pgf@path@lasty=\dimen273
)
(C:\Users\user\AppData\Local\Programs\MiKTeX\tex/generic/pgf/basiclayer\pgfcore
pathusage.code.tex
File: pgfcorepathusage.code.tex 2025-08-29 v3.1.11a (3.1.11a)
\pgf@shorten@end@additional=\dimen274
\pgf@shorten@start@additional=\dimen275
)
(C:\Users\user\AppData\Local\Programs\MiKTeX\tex/generic/pgf/basiclayer\pgfcore
scopes.code.tex
File: pgfcorescopes.code.tex 2025-08-29 v3.1.11a (3.1.11a)
\pgfpic=\box68
\pgf@hbox=\box69
\pgf@layerbox@main=\box70
\pgf@picture@serial@count=\count327
)
(C:\Users\user\AppData\Local\Programs\MiKTeX\tex/generic/pgf/basiclayer\pgfcore
graphicstate.code.tex
File: pgfcoregraphicstate.code.tex 2025-08-29 v3.1.11a (3.1.11a)
\pgflinewidth=\dimen276
)
(C:\Users\user\AppData\Local\Programs\MiKTeX\tex/generic/pgf/basiclayer\pgfcore
transformations.code.tex
File: pgfcoretransformations.code.tex 2025-08-29 v3.1.11a (3.1.11a)
\pgf@pt@x=\dimen277
\pgf@pt@y=\dimen278
\pgf@pt@temp=\dimen279
)
(C:\Users\user\AppData\Local\Programs\MiKTeX\tex/generic/pgf/basiclayer\pgfcore
quick.code.tex
File: pgfcorequick.code.tex 2025-08-29 v3.1.11a (3.1.11a)
)
(C:\Users\user\AppData\Local\Programs\MiKTeX\tex/generic/pgf/basiclayer\pgfcore
objects.code.tex
File: pgfcoreobjects.code.tex 2025-08-29 v3.1.11a (3.1.11a)
)
(C:\Users\user\AppData\Local\Programs\MiKTeX\tex/generic/pgf/basiclayer\pgfcore
pathprocessing.code.tex
File: pgfcorepathprocessing.code.tex 2025-08-29 v3.1.11a (3.1.11a)
)
(C:\Users\user\AppData\Local\Programs\MiKTeX\tex/generic/pgf/basiclayer\pgfcore
arrows.code.tex
File: pgfcorearrows.code.tex 2025-08-29 v3.1.11a (3.1.11a)
\pgfarrowsep=\dimen280
)
(C:\Users\user\AppData\Local\Programs\MiKTeX\tex/generic/pgf/basiclayer\pgfcore
shade.code.tex
File: pgfcoreshade.code.tex 2025-08-29 v3.1.11a (3.1.11a)
\pgf@max=\dimen281
\pgf@sys@shading@range@num=\count328
\pgf@shadingcount=\count329
)
(C:\Users\user\AppData\Local\Programs\MiKTeX\tex/generic/pgf/basiclayer\pgfcore
image.code.tex
File: pgfcoreimage.code.tex 2025-08-29 v3.1.11a (3.1.11a)
)
(C:\Users\user\AppData\Local\Programs\MiKTeX\tex/generic/pgf/basiclayer\pgfcore
external.code.tex
File: pgfcoreexternal.code.tex 2025-08-29 v3.1.11a (3.1.11a)
\pgfexternal@startupbox=\box71
)
(C:\Users\user\AppData\Local\Programs\MiKTeX\tex/generic/pgf/basiclayer\pgfcore
layers.code.tex
File: pgfcorelayers.code.tex 2025-08-29 v3.1.11a (3.1.11a)
)
(C:\Users\user\AppData\Local\Programs\MiKTeX\tex/generic/pgf/basiclayer\pgfcore
transparency.code.tex
File: pgfcoretransparency.code.tex 2025-08-29 v3.1.11a (3.1.11a)
)
(C:\Users\user\AppData\Local\Programs\MiKTeX\tex/generic/pgf/basiclayer\pgfcore
patterns.code.tex
File: pgfcorepatterns.code.tex 2025-08-29 v3.1.11a (3.1.11a)
)
(C:\Users\user\AppData\Local\Programs\MiKTeX\tex/generic/pgf/basiclayer\pgfcore
rdf.code.tex
File: pgfcorerdf.code.tex 2025-08-29 v3.1.11a (3.1.11a)
)))
(C:\Users\user\AppData\Local\Programs\MiKTeX\tex/generic/pgf/modules\pgfmodules
hapes.code.tex
File: pgfmoduleshapes.code.tex 2025-08-29 v3.1.11a (3.1.11a)
\pgfnodeparttextbox=\box72
)
(C:\Users\user\AppData\Local\Programs\MiKTeX\tex/generic/pgf/modules\pgfmodulep
lot.code.tex
File: pgfmoduleplot.code.tex 2025-08-29 v3.1.11a (3.1.11a)
)
(C:\Users\user\AppData\Local\Programs\MiKTeX\tex/latex/pgf/compatibility\pgfcom
p-version-0-65.sty
Package: pgfcomp-version-0-65 2025-08-29 v3.1.11a (3.1.11a)
\pgf@nodesepstart=\dimen282
\pgf@nodesepend=\dimen283
)
(C:\Users\user\AppData\Local\Programs\MiKTeX\tex/latex/pgf/compatibility\pgfcom
p-version-1-18.sty
Package: pgfcomp-version-1-18 2025-08-29 v3.1.11a (3.1.11a)
))
(C:\Users\user\AppData\Local\Programs\MiKTeX\tex/latex/pgf/utilities\pgffor.sty

(C:\Users\user\AppData\Local\Programs\MiKTeX\tex/latex/pgf/utilities\pgfkeys.st
y
(C:\Users\user\AppData\Local\Programs\MiKTeX\tex/generic/pgf/utilities\pgfkeys.
code.tex))
(C:\Users\user\AppData\Local\Programs\MiKTeX\tex/latex/pgf/math\pgfmath.sty
(C:\Users\user\AppData\Local\Programs\MiKTeX\tex/generic/pgf/math\pgfmath.code.
tex))
(C:\Users\user\AppData\Local\Programs\MiKTeX\tex/generic/pgf/utilities\pgffor.c
ode.tex
Package: pgffor 2025-08-29 v3.1.11a (3.1.11a)
\pgffor@iter=\dimen284
\pgffor@skip=\dimen285
\pgffor@stack=\toks38
\pgffor@toks=\toks39
))
(C:\Users\user\AppData\Local\Programs\MiKTeX\tex/generic/pgf/frontendlayer/tikz
\tikz.code.tex
Package: tikz 2025-08-29 v3.1.11a (3.1.11a)

(C:\Users\user\AppData\Local\Programs\MiKTeX\tex/generic/pgf/libraries\pgflibra
ryplothandlers.code.tex
File: pgflibraryplothandlers.code.tex 2025-08-29 v3.1.11a (3.1.11a)
\pgf@plot@mark@count=\count330
\pgfplotmarksize=\dimen286
)
\tikz@lastx=\dimen287
\tikz@lasty=\dimen288
\tikz@lastxsaved=\dimen289
\tikz@lastysaved=\dimen290
\tikz@lastmovetox=\dimen291
\tikz@lastmovetoy=\dimen292
\tikzleveldistance=\dimen293
\tikzsiblingdistance=\dimen294
\tikz@figbox=\box73
\tikz@figbox@bg=\box74
\tikz@tempbox=\box75
\tikz@tempbox@bg=\box76
\tikztreelevel=\count331
\tikznumberofchildren=\count332
\tikznumberofcurrentchild=\count333
\tikz@fig@count=\count334

(C:\Users\user\AppData\Local\Programs\MiKTeX\tex/generic/pgf/modules\pgfmodulem
atrix.code.tex
File: pgfmodulematrix.code.tex 2025-08-29 v3.1.11a (3.1.11a)
\pgfmatrixcurrentrow=\count335
\pgfmatrixcurrentcolumn=\count336
\pgf@matrix@numberofcolumns=\count337
)
\tikz@expandcount=\count338

(C:\Users\user\AppData\Local\Programs\MiKTeX\tex/generic/pgf/frontendlayer/tikz
/libraries\tikzlibrarytopaths.code.tex
File: tikzlibrarytopaths.code.tex 2025-08-29 v3.1.11a (3.1.11a)
)))
(C:\Users\user\AppData\Local\Programs\MiKTeX\tex/generic/pgf/frontendlayer/tikz
/libraries\tikzlibraryarrows.code.tex
File: tikzlibraryarrows.code.tex 2025-08-29 v3.1.11a (3.1.11a)

(C:\Users\user\AppData\Local\Programs\MiKTeX\tex/generic/pgf/libraries\pgflibra
ryarrows.code.tex
File: pgflibraryarrows.code.tex 2025-08-29 v3.1.11a (3.1.11a)
\arrowsize=\dimen295
))
(C:\Users\user\AppData\Local\Programs\MiKTeX\tex/generic/pgf/frontendlayer/tikz
/libraries\tikzlibrarybackgrounds.code.tex
File: tikzlibrarybackgrounds.code.tex 2025-08-29 v3.1.11a (3.1.11a)
\pgf@layerbox@background=\box77
\pgf@layerboxsaved@background=\box78
)
(C:\Users\user\AppData\Local\Programs\MiKTeX\tex/generic/pgf/frontendlayer/tikz
/libraries\tikzlibrarycalc.code.tex
File: tikzlibrarycalc.code.tex 2025-08-29 v3.1.11a (3.1.11a)
)
(C:\Users\user\AppData\Local\Programs\MiKTeX\tex/generic/pgf/frontendlayer/tikz
/libraries\tikzlibrarypatterns.code.tex
File: tikzlibrarypatterns.code.tex 2025-08-29 v3.1.11a (3.1.11a)

(C:\Users\user\AppData\Local\Programs\MiKTeX\tex/generic/pgf/libraries\pgflibra
rypatterns.code.tex
File: pgflibrarypatterns.code.tex 2025-08-29 v3.1.11a (3.1.11a)
))
(C:\Users\user\AppData\Local\Programs\MiKTeX\tex/generic/pgf/frontendlayer/tikz
/libraries\tikzlibrarypositioning.code.tex
File: tikzlibrarypositioning.code.tex 2025-08-29 v3.1.11a (3.1.11a)
)
(C:\Users\user\AppData\Local\Programs\MiKTeX\tex/generic/pgf/frontendlayer/tikz
/libraries\tikzlibraryshapes.geometric.code.tex
File: tikzlibraryshapes.geometric.code.tex 2025-08-29 v3.1.11a (3.1.11a)

(C:\Users\user\AppData\Local\Programs\MiKTeX\tex/generic/pgf/libraries/shapes\p
gflibraryshapes.geometric.code.tex
File: pgflibraryshapes.geometric.code.tex 2025-08-29 v3.1.11a (3.1.11a)
))
(C:\Users\user\AppData\Local\Programs\MiKTeX\tex/latex/pgf/utilities\pgfcalenda
r.sty
(C:\Users\user\AppData\Local\Programs\MiKTeX\tex/generic/pgf/utilities\pgfcalen
dar.code.tex
File: pgfcalendar.code.tex 2025-08-29 v3.1.11a (3.1.11a)
\pgfcalendarcurrentjulian=\count339
\pgf@cal@easter@Y=\count340
\pgf@cal@easter@G=\count341
\pgf@cal@easter@C=\count342
\pgf@cal@easter@X=\count343
\pgf@cal@easter@Z=\count344
\pgf@cal@easter@D=\count345
\pgf@cal@easter@E=\count346
\pgf@cal@easter@N=\count347
\pgf@cal@easter@M=\count348
\pgf@cal@easter@julianday=\count349
))
\gtt@currentline=\count350
\gtt@lasttitleline=\count351
\gtt@currgrid=\count352
\gtt@chartwidth=\count353
\gtt@lasttitleslot=\count354
\gtt@elementid=\count355
\gtt@today@slot=\count356
\gtt@startjulian=\count357
\gtt@endjulian=\count358
\gtt@chartid=\count359
\gtt@vrule@slot=\count360
\gtt@calendar@slots=\count361
\gtt@calendar@weeknumber=\count362
\gtt@calendar@startofweek=\count363
\gtt@left@slot=\count364
\gtt@right@slot=\count365
)
(C:\Users\user\AppData\Local\Programs\MiKTeX\tex/generic/pgf/frontendlayer/tikz
/libraries\tikzlibraryshapes.code.tex
File: tikzlibraryshapes.code.tex 2025-08-29 v3.1.11a (3.1.11a)

(C:\Users\user\AppData\Local\Programs\MiKTeX\tex/generic/pgf/frontendlayer/tikz
/libraries\tikzlibraryshapes.misc.code.tex
File: tikzlibraryshapes.misc.code.tex 2025-08-29 v3.1.11a (3.1.11a)

(C:\Users\user\AppData\Local\Programs\MiKTeX\tex/generic/pgf/libraries/shapes\p
gflibraryshapes.misc.code.tex
File: pgflibraryshapes.misc.code.tex 2025-08-29 v3.1.11a (3.1.11a)
))
(C:\Users\user\AppData\Local\Programs\MiKTeX\tex/generic/pgf/frontendlayer/tikz
/libraries\tikzlibraryshapes.symbols.code.tex
File: tikzlibraryshapes.symbols.code.tex 2025-08-29 v3.1.11a (3.1.11a)

(C:\Users\user\AppData\Local\Programs\MiKTeX\tex/generic/pgf/libraries/shapes\p
gflibraryshapes.symbols.code.tex
File: pgflibraryshapes.symbols.code.tex 2025-08-29 v3.1.11a (3.1.11a)
))
(C:\Users\user\AppData\Local\Programs\MiKTeX\tex/generic/pgf/frontendlayer/tikz
/libraries\tikzlibraryshapes.arrows.code.tex
File: tikzlibraryshapes.arrows.code.tex 2025-08-29 v3.1.11a (3.1.11a)

(C:\Users\user\AppData\Local\Programs\MiKTeX\tex/generic/pgf/libraries/shapes\p
gflibraryshapes.arrows.code.tex
File: pgflibraryshapes.arrows.code.tex 2025-08-29 v3.1.11a (3.1.11a)
))
(C:\Users\user\AppData\Local\Programs\MiKTeX\tex/generic/pgf/frontendlayer/tikz
/libraries\tikzlibraryshapes.callouts.code.tex
(C:\Users\user\AppData\Local\Programs\MiKTeX\tex/generic/pgf/libraries/shapes\p
gflibraryshapes.callouts.code.tex))
(C:\Users\user\AppData\Local\Programs\MiKTeX\tex/generic/pgf/frontendlayer/tikz
/libraries\tikzlibraryshapes.multipart.code.tex
File: tikzlibraryshapes.multipart.code.tex 2025-08-29 v3.1.11a (3.1.11a)

(C:\Users\user\AppData\Local\Programs\MiKTeX\tex/generic/pgf/libraries/shapes\p
gflibraryshapes.multipart.code.tex
File: pgflibraryshapes.multipart.code.tex 2025-08-29 v3.1.11a (3.1.11a)
\pgfnodepartlowerbox=\box79
\pgfnodeparttwobox=\box80
\pgfnodepartthreebox=\box81
\pgfnodepartfourbox=\box82
\pgfnodeparttwentybox=\box83
\pgfnodepartnineteenbox=\box84
\pgfnodeparteighteenbox=\box85
\pgfnodepartseventeenbox=\box86
\pgfnodepartsixteenbox=\box87
\pgfnodepartfifteenbox=\box88
\pgfnodepartfourteenbox=\box89
\pgfnodepartthirteenbox=\box90
\pgfnodeparttwelvebox=\box91
\pgfnodepartelevenbox=\box92
\pgfnodeparttenbox=\box93
\pgfnodepartninebox=\box94
\pgfnodeparteightbox=\box95
\pgfnodepartsevenbox=\box96
\pgfnodepartsixbox=\box97
\pgfnodepartfivebox=\box98
)))
(C:\Users\user\AppData\Local\Programs\MiKTeX\tex/latex/tocloft\tocloft.sty
Package: tocloft 2017/08/31 v2.3i parameterised ToC, etc., typesetting
Package tocloft Info: The document has section divisions on input line 51.
\cftparskip=\skip63
\cftbeforetoctitleskip=\skip64
\cftaftertoctitleskip=\skip65
\cftbeforepartskip=\skip66
\cftpartnumwidth=\skip67
\cftpartindent=\skip68
\cftbeforesecskip=\skip69
\cftsecindent=\skip70
\cftsecnumwidth=\skip71
\cftbeforesubsecskip=\skip72
\cftsubsecindent=\skip73
\cftsubsecnumwidth=\skip74
\cftbeforesubsubsecskip=\skip75
\cftsubsubsecindent=\skip76
\cftsubsubsecnumwidth=\skip77
\cftbeforeparaskip=\skip78
\cftparaindent=\skip79
\cftparanumwidth=\skip80
\cftbeforesubparaskip=\skip81
\cftsubparaindent=\skip82
\cftsubparanumwidth=\skip83
\cftbeforeloftitleskip=\skip84
\cftafterloftitleskip=\skip85
\cftbeforefigskip=\skip86
\cftfigindent=\skip87
\cftfignumwidth=\skip88
\c@lofdepth=\count366
\c@lotdepth=\count367
\cftbeforelottitleskip=\skip89
\cftafterlottitleskip=\skip90
\cftbeforetabskip=\skip91
\cfttabindent=\skip92
\cfttabnumwidth=\skip93
)
(C:\Users\user\AppData\Local\Programs\MiKTeX\tex/latex/hyperref\hyperref.sty
Package: hyperref 2025-07-12 v7.01o Hypertext links for LaTeX

(C:\Users\user\AppData\Local\Programs\MiKTeX\tex/generic/iftex\iftex.sty
Package: iftex 2024/12/12 v1.0g TeX engine tests
)
(C:\Users\user\AppData\Local\Programs\MiKTeX\tex/latex/kvsetkeys\kvsetkeys.sty
Package: kvsetkeys 2022-10-05 v1.19 Key value parser (HO)
)
(C:\Users\user\AppData\Local\Programs\MiKTeX\tex/generic/kvdefinekeys\kvdefinek
eys.sty
Package: kvdefinekeys 2019-12-19 v1.6 Define keys (HO)
)
(C:\Users\user\AppData\Local\Programs\MiKTeX\tex/generic/pdfescape\pdfescape.st
y
Package: pdfescape 2019/12/09 v1.15 Implements pdfTeX's escape features (HO)
 (C:\Users\user\AppData\Local\Programs\MiKTeX\tex/generic/ltxcmds\ltxcmds.sty
Package: ltxcmds 2023-12-04 v1.26 LaTeX kernel commands for general use (HO)
)
(C:\Users\user\AppData\Local\Programs\MiKTeX\tex/generic/pdftexcmds\pdftexcmds.
sty
Package: pdftexcmds 2020-06-27 v0.33 Utility functions of pdfTeX for LuaTeX (HO
)

(C:\Users\user\AppData\Local\Programs\MiKTeX\tex/generic/infwarerr\infwarerr.st
y
Package: infwarerr 2019/12/03 v1.5 Providing info/warning/error messages (HO)
)
Package pdftexcmds Info: \pdf@primitive is available.
Package pdftexcmds Info: \pdf@ifprimitive is available.
Package pdftexcmds Info: \pdfdraftmode found.
)) (C:\Users\user\AppData\Local\Programs\MiKTeX\tex/latex/hycolor\hycolor.sty
Package: hycolor 2020-01-27 v1.10 Color options for hyperref/bookmark (HO)
) (C:\Users\user\AppData\Local\Programs\MiKTeX\tex/latex/hyperref\nameref.sty
Package: nameref 2025-06-21 v2.57 Cross-referencing by name of section

(C:\Users\user\AppData\Local\Programs\MiKTeX\tex/latex/refcount\refcount.sty
Package: refcount 2019/12/15 v3.6 Data extraction from label references (HO)
)
(C:\Users\user\AppData\Local\Programs\MiKTeX\tex/generic/gettitlestring\gettitl
estring.sty
Package: gettitlestring 2019/12/15 v1.6 Cleanup title references (HO)

(C:\Users\user\AppData\Local\Programs\MiKTeX\tex/latex/kvoptions\kvoptions.sty
Package: kvoptions 2022-06-15 v3.15 Key value format for package options (HO)
))
\c@section@level=\count368
) (C:\Users\user\AppData\Local\Programs\MiKTeX\tex/latex/etoolbox\etoolbox.sty
Package: etoolbox 2025/10/02 v2.5m e-TeX tools for LaTeX (JAW)
\etb@tempcnta=\count369
)
(C:\Users\user\AppData\Local\Programs\MiKTeX\tex/generic/stringenc\stringenc.st
y
Package: stringenc 2019/11/29 v1.12 Convert strings between diff. encodings (HO
)
)
\@linkdim=\dimen296
\Hy@linkcounter=\count370
\Hy@pagecounter=\count371
 (C:\Users\user\AppData\Local\Programs\MiKTeX\tex/latex/hyperref\pd1enc.def
File: pd1enc.def 2025-07-12 v7.01o Hyperref: PDFDocEncoding definition (HO)
Now handling font encoding PD1 ...
... no UTF-8 mapping file for font encoding PD1
)
(C:\Users\user\AppData\Local\Programs\MiKTeX\tex/generic/intcalc\intcalc.sty
Package: intcalc 2019/12/15 v1.3 Expandable calculations with integers (HO)
)
\Hy@SavedSpaceFactor=\count372

(C:\Users\user\AppData\Local\Programs\MiKTeX\tex/latex/hyperref\puenc.def
File: puenc.def 2025-07-12 v7.01o Hyperref: PDF Unicode definition (HO)
Now handling font encoding PU ...
... no UTF-8 mapping file for font encoding PU
)
Package hyperref Info: Hyper figures OFF on input line 4195.
Package hyperref Info: Link nesting OFF on input line 4200.
Package hyperref Info: Hyper index ON on input line 4203.
Package hyperref Info: Plain pages OFF on input line 4210.
Package hyperref Info: Backreferencing OFF on input line 4215.
Package hyperref Info: Implicit mode ON; LaTeX internals redefined.
Package hyperref Info: Bookmarks ON on input line 4462.
\c@Hy@tempcnt=\count373

(C:\Users\user\AppData\Local\Programs\MiKTeX\tex/latex/url\url.sty
\Urlmuskip=\muskip18
Package: url 2013/09/16  ver 3.4  Verb mode for urls, etc.
)
LaTeX Info: Redefining \url on input line 4801.
\XeTeXLinkMargin=\dimen297

(C:\Users\user\AppData\Local\Programs\MiKTeX\tex/generic/bitset\bitset.sty
Package: bitset 2019/12/09 v1.3 Handle bit-vector datatype (HO)

(C:\Users\user\AppData\Local\Programs\MiKTeX\tex/generic/bigintcalc\bigintcalc.
sty
Package: bigintcalc 2019/12/15 v1.5 Expandable calculations on big integers (HO
)
))
\Fld@menulength=\count374
\Field@Width=\dimen298
\Fld@charsize=\dimen299
Package hyperref Info: Hyper figures OFF on input line 6078.
Package hyperref Info: Link nesting OFF on input line 6083.
Package hyperref Info: Hyper index ON on input line 6086.
Package hyperref Info: backreferencing OFF on input line 6093.
Package hyperref Info: Link coloring OFF on input line 6098.
Package hyperref Info: Link coloring with OCG OFF on input line 6103.
Package hyperref Info: PDF/A mode OFF on input line 6108.
\Hy@abspage=\count375
\c@Item=\count376
\c@Hfootnote=\count377
)
Package hyperref Info: Driver (autodetected): hpdftex.

(C:\Users\user\AppData\Local\Programs\MiKTeX\tex/latex/hyperref\hpdftex.def
File: hpdftex.def 2025-07-12 v7.01o Hyperref driver for pdfTeX
\Fld@listcount=\count378
\c@bookmark@seq@number=\count379

(C:\Users\user\AppData\Local\Programs\MiKTeX\tex/latex/rerunfilecheck\rerunfile
check.sty
Package: rerunfilecheck 2025-06-21 v1.11 Rerun checks for auxiliary files (HO)

(C:\Users\user\AppData\Local\Programs\MiKTeX\tex/generic/uniquecounter\uniqueco
unter.sty
Package: uniquecounter 2019/12/15 v1.4 Provide unlimited unique counter (HO)
)
Package uniquecounter Info: New unique counter `rerunfilecheck' on input line 2
84.
)
\Hy@SectionHShift=\skip94
) (Styles/hangcaption.sty
\captionwidth=\skip95
) (Styles/fancyheadings.sty
\headrulewidth=\dimen300
\footrulewidth=\dimen301
\plainheadrulewidth=\dimen302
\plainfootrulewidth=\dimen303
\headwidth=\dimen304
\footruleskip=\dimen305
)
(C:\Users\user\AppData\Local\Programs\MiKTeX\tex/latex/l3backend\l3backend-pdft
ex.def
File: l3backend-pdftex.def 2025-10-09 L3 backend support: PDF output (pdfTeX)
\l__color_backend_stack_int=\count380
) (Interim_Report_Main.aux)
\openout1 = `Interim_Report_Main.aux'.

LaTeX Font Info:    Checking defaults for OML/cmm/m/it on input line 86.
LaTeX Font Info:    ... okay on input line 86.
LaTeX Font Info:    Checking defaults for OMS/cmsy/m/n on input line 86.
LaTeX Font Info:    ... okay on input line 86.
LaTeX Font Info:    Checking defaults for OT1/cmr/m/n on input line 86.
LaTeX Font Info:    ... okay on input line 86.
LaTeX Font Info:    Checking defaults for T1/cmr/m/n on input line 86.
LaTeX Font Info:    ... okay on input line 86.
LaTeX Font Info:    Checking defaults for TS1/cmr/m/n on input line 86.
LaTeX Font Info:    ... okay on input line 86.
LaTeX Font Info:    Checking defaults for OMX/cmex/m/n on input line 86.
LaTeX Font Info:    ... okay on input line 86.
LaTeX Font Info:    Checking defaults for U/cmr/m/n on input line 86.
LaTeX Font Info:    ... okay on input line 86.
LaTeX Font Info:    Checking defaults for PD1/pdf/m/n on input line 86.
LaTeX Font Info:    ... okay on input line 86.
LaTeX Font Info:    Checking defaults for PU/pdf/m/n on input line 86.
LaTeX Font Info:    ... okay on input line 86.

(C:\Users\user\AppData\Local\Programs\MiKTeX\tex/context/base/mkii\supp-pdf.mki
i
[Loading MPS to PDF converter (version 2006.09.02).]
\scratchcounter=\count381
\scratchdimen=\dimen306
\scratchbox=\box99
\nofMPsegments=\count382
\nofMParguments=\count383
\everyMPshowfont=\toks40
\MPscratchCnt=\count384
\MPscratchDim=\dimen307
\MPnumerator=\count385
\makeMPintoPDFobject=\count386
\everyMPtoPDFconversion=\toks41
)
(C:\Users\user\AppData\Local\Programs\MiKTeX\tex/latex/epstopdf-pkg\epstopdf-ba
se.sty
Package: epstopdf-base 2020-01-24 v2.11 Base part for package epstopdf
Package epstopdf-base Info: Redefining graphics rule for `.eps' on input line 4
85.

(C:\Users\user\AppData\Local\Programs\MiKTeX\tex/latex/00miktex\epstopdf-sys.cf
g
File: epstopdf-sys.cfg 2021/03/18 v2.0 Configuration of epstopdf for MiKTeX
))
Package caption Info: Begin \AtBeginDocument code.
Package caption Info: hyperref package is loaded.
Package caption Info: listings package is loaded.
Package caption Info: longtable package is loaded.

(C:\Users\user\AppData\Local\Programs\MiKTeX\tex/latex/caption\ltcaption.sty
Package: ltcaption 2021/01/08 v1.4c longtable captions (AR)
)
Package caption Info: End \AtBeginDocument code.
\c@lstlisting=\count387
Package hyperref Info: Link coloring OFF on input line 86.

(Interim_Report_Main.out) (Interim_Report_Main.out)
\@outlinefile=\write4
\openout4 = `Interim_Report_Main.out'.

 (Files/title_page.tex
<Figures/Figures/Jomo_logo.pdf, id=282, 249.93375pt x 185.69376pt>
File: Figures/Figures/Jomo_logo.pdf Graphic file (type pdf)
<use Figures/Figures/Jomo_logo.pdf>
Package pdftex.def Info: Figures/Figures/Jomo_logo.pdf  used on input line 6.
(pdftex.def)             Requested size: 136.5746pt x 101.47452pt.

[1

{C:/Users/user/AppData/Local/MiKTeX/fonts/map/pdftex/pdftex.map} <./Figures/Fig
ures/Jomo_logo.pdf>]) (Files/Declaration.tex
LaTeX Font Info:    Trying to load font information for U+msa on input line 9.

(C:\Users\user\AppData\Local\Programs\MiKTeX\tex/latex/amsfonts\umsa.fd
File: umsa.fd 2013/01/14 v3.01 AMS symbols A
)
LaTeX Font Info:    Trying to load font information for U+msb on input line 9.

(C:\Users\user\AppData\Local\Programs\MiKTeX\tex/latex/amsfonts\umsb.fd
File: umsb.fd 2013/01/14 v3.01 AMS symbols B
))
[1] (Files/Acknowledgment.tex) [2

] (Files/Abstract.tex) [3

]
(Interim_Report_Main.toc [4

] [5])
\tf@toc=\write5
\openout5 = `Interim_Report_Main.toc'.

 [6] (Interim_Report_Main.lof
Overfull \hbox (0.15959pt too wide) in paragraph at lines 3--3
 [][] [][]\OT1/cmr/m/n/12 Reference model val-i-da-tion pre-dic-tions show-ing 
four-class clas-si-fi-ca-tion (un- 
 []

[7

]
Overfull \hbox (21.6844pt too wide) in paragraph at lines 17--17
 [][] [][]\OT1/cmr/m/n/12 Fritzing cir-cuit di-a-gram of the ESP32 solenoid dri
ver im-ple-men-ta-tion: IRLZ44N 
 []


Overfull \hbox (1.63799pt too wide) in paragraph at lines 22--22
 [][] [][]\OT1/cmr/m/n/12 Proteus os-cil-lo-scope: MOS-FET turn-OFF --- drain r
e-cov-ers to 12V; 1N5819 
 []

[8])
\tf@lof=\write6
\openout6 = `Interim_Report_Main.lof'.

 [9] (Interim_Report_Main.lot)
\tf@lot=\write7
\openout7 = `Interim_Report_Main.lot'.

 [10

] (Files/Chapter1_Introduction.tex
<Figures/Figures/harvested coffee berry variation.jpeg, id=559, 451.6875pt x 30
1.125pt>
File: Figures/Figures/harvested coffee berry variation.jpeg Graphic file (type 
jpg)
<use Figures/Figures/harvested coffee berry variation.jpeg>
Package pdftex.def Info: Figures/Figures/harvested coffee berry variation.jpeg 
 used on input line 13.
(pdftex.def)             Requested size: 318.66946pt x 212.45856pt.

pdfTeX warning (ext4): destination with the same identifier (name{page.1}) has 
been already used, duplicate ignored
<to be read again> 
                   \relax 
l.17 
      [1

] [2 <./Figures/Figures/harvested coffee berry variation.jpeg>]
[3] [4]) [5] (Files/Chapter2_LiteratureReview.tex
<Figures/Figures/Ripe.jpeg, id=600, 517.935pt x 351.3125pt>
File: Figures/Figures/Ripe.jpeg Graphic file (type jpg)
<use Figures/Figures/Ripe.jpeg>
Package pdftex.def Info: Figures/Figures/Ripe.jpeg  used on input line 20.
(pdftex.def)             Requested size: 318.66946pt x 216.16043pt.
 [6

 <./Figures/Figures/Ripe.jpeg>] [7]
<context/Old_val_batch2_labels.jpg, id=620, 1927.2pt x 1927.2pt>
File: context/Old_val_batch2_labels.jpg Graphic file (type jpg)
<use context/Old_val_batch2_labels.jpg>
Package pdftex.def Info: context/Old_val_batch2_labels.jpg  used on input line 
82.
(pdftex.def)             Requested size: 386.96024pt x 386.93292pt.
 [8]
<images/Previous_Model_F1__score.PNG, id=631, 331.2375pt x 265.74281pt>
File: images/Previous_Model_F1__score.PNG Graphic file (type png)
<use images/Previous_Model_F1__score.PNG>
Package pdftex.def Info: images/Previous_Model_F1__score.PNG  used on input lin
e 89.
(pdftex.def)             Requested size: 341.43306pt x 273.9371pt.
 [9 <./context/Old_val_batch2_labels.jpg>]
<Figures/Figures/sorting_comparison.pdf, id=640, 596.12108pt x 338.2216pt>
File: Figures/Figures/sorting_comparison.pdf Graphic file (type pdf)
<use Figures/Figures/sorting_comparison.pdf>
Package pdftex.def Info: Figures/Figures/sorting_comparison.pdf  used on input 
line 116.
(pdftex.def)             Requested size: 373.30347pt x 211.806pt.
 [10 <./images/Previous_Model_F1__score.PNG>]
<images/Mechanical_Images/Fully_Fabricated_Assembbly_From_Previous_Group.PNG, i
d=648, 645.91313pt x 474.27188pt>
File: images/Mechanical_Images/Fully_Fabricated_Assembbly_From_Previous_Group.P
NG Graphic file (type png)
<use images/Mechanical_Images/Fully_Fabricated_Assembbly_From_Previous_Group.PN
G>
Package pdftex.def Info: images/Mechanical_Images/Fully_Fabricated_Assembbly_Fr
om_Previous_Group.PNG  used on input line 123.
(pdftex.def)             Requested size: 386.96024pt x 284.13112pt.
 [11 <./Figures/Figures/sorting_comparison.pdf>]

pdfTeX warning: pdflatex.exe (file ./Figures/Figures/Air_ejector_design.pdf): P
DF inclusion: found PDF version <1.6>, but at most version <1.5> allowed
<Figures/Figures/Air_ejector_design.pdf, id=693, 1195.46625pt x 845.1575pt>
File: Figures/Figures/Air_ejector_design.pdf Graphic file (type pdf)
<use Figures/Figures/Air_ejector_design.pdf>
Package pdftex.def Info: Figures/Figures/Air_ejector_design.pdf  used on input 
line 144.
(pdftex.def)             Requested size: 355.08981pt x 249.25143pt.
[12 <./images/Mechanical_Images/Fully_Fabricated_Assembbly_From_Previous_Group.
PNG>]
Overfull \hbox (5.823pt too wide) in paragraph at lines 161--168
\OT1/cmr/m/n/12 dis-tor-tion en-tirely. Global-shutter CMOS sen-sors (e.g., Son
y IMX296, Om-nivi-sion OV9281)
 []

[13 <./Figures/Figures/Air_ejector_design.pdf>] [14]
<Figures/Figures/processing_flow.pdf, id=756, 386.54312pt x 1238.31236pt>
File: Figures/Figures/processing_flow.pdf Graphic file (type pdf)
<use Figures/Figures/processing_flow.pdf>
Package pdftex.def Info: Figures/Figures/processing_flow.pdf  used on input lin
e 212.
(pdftex.def)             Requested size: 309.56264pt x 991.72827pt.
 [15]
Overfull \vbox (445.97826pt too high) has occurred while \output is active []


[16 <./Figures/Figures/processing_flow.pdf>]
<Figures/Figures/classification_flowchart.pdf, id=795, 712.49384pt x 495.98802p
t>
File: Figures/Figures/classification_flowchart.pdf Graphic file (type pdf)
<use Figures/Figures/classification_flowchart.pdf>
Package pdftex.def Info: Figures/Figures/classification_flowchart.pdf  used on 
input line 229.
(pdftex.def)             Requested size: 341.43306pt x 237.68556pt.
 [17 <./Figures/Figures/classification_flowchart.pdf>]
<Figures/Figures/coffee_berries_hands.jpg, id=817, 451.6875pt x 301.125pt>
File: Figures/Figures/coffee_berries_hands.jpg Graphic file (type jpg)
<use Figures/Figures/coffee_berries_hands.jpg>
Package pdftex.def Info: Figures/Figures/coffee_berries_hands.jpg  used on inpu
t line 259.
(pdftex.def)             Requested size: 364.19664pt x 242.81175pt.
 [18 <./Figures/Figures/coffee_berries_hands.jpg>]
<Figures/Figures/coprocessing_architecture.pdf, id=824, 522.42982pt x 469.00117
pt>
File: Figures/Figures/coprocessing_architecture.pdf Graphic file (type pdf)
<use Figures/Figures/coprocessing_architecture.pdf>
Package pdftex.def Info: Figures/Figures/coprocessing_architecture.pdf  used on
 input line 292.
(pdftex.def)             Requested size: 341.43306pt x 306.52173pt.
 [19]
Underfull \hbox (badness 10000) in paragraph at lines 315--315
\OMS/cmsy/m/n/10.95 ^^X$\OT1/cmr/m/n/10.95 30ms read-out smears
 []


Underfull \hbox (badness 4242) in paragraph at lines 316--317
\OT1/cmr/m/n/10.95 full-frame ex-po-sure elim-i-nates
 []


Underfull \hbox (badness 8170) in paragraph at lines 318--318
\OT1/cmr/m/n/10.95 put lim-ited to $\OMS/cmsy/m/n/10.95 ^^X$\OT1/cmr/m/n/10.95 
35
 []


Underfull \hbox (badness 10000) in paragraph at lines 322--322
\OT1/cmr/m/n/10.95 fu-sion (semi-ripe/ripe
 []


Underfull \hbox (badness 10000) in paragraph at lines 322--322
\OT1/cmr/m/n/10.95 bound-ary) re-duces
 []


Underfull \hbox (badness 10000) in paragraph at lines 324--325
[]|\OT1/cmr/m/n/10.95 Binary AC-CEPT/REJECT
 []


Underfull \hbox (badness 2689) in paragraph at lines 324--325
\OT1/cmr/m/n/10.95 scheme aligned with in-dus-try
 []

) [20 <./Figures/Figures/coprocessing_architecture.pdf>] [21]
(Files/Chapter3_Methodology.tex
<Figures/Figures/system_architecture.pdf, id=879, 547.9341pt x 350.0528pt>
File: Figures/Figures/system_architecture.pdf Graphic file (type pdf)
<use Figures/Figures/system_architecture.pdf>
Package pdftex.def Info: Figures/Figures/system_architecture.pdf  used on input
 line 11.
(pdftex.def)             Requested size: 432.48048pt x 276.30365pt.
 [22

 <./Figures/Figures/system_architecture.pdf>] [23]
Underfull \hbox (badness 10000) in paragraph at lines 75--76
[]|\OT1/cmr/m/n/12 Unripe (green), semi-ripe
 []


Underfull \hbox (badness 10000) in paragraph at lines 75--76
\OT1/cmr/m/n/12 (yel-low/orange), over-ripe
 []


Underfull \hbox (badness 4621) in paragraph at lines 75--76
\OT1/cmr/m/n/12 (dark/black), and dam-aged
 []

[24]
Overfull \hbox (44.91306pt too wide) in paragraph at lines 83--84
\OT1/cmr/m/n/12 The an-no-tated dataset was split 70% train / 15% val-i-da-tion
 / 15% test us-ing the \OT1/cmtt/m/n/12 split[]dataset.py
 []

[25] [26]
File: Figures/Figures/coprocessing_architecture.pdf Graphic file (type pdf)
<use Figures/Figures/coprocessing_architecture.pdf>
Package pdftex.def Info: Figures/Figures/coprocessing_architecture.pdf  used on
 input line 149.
(pdftex.def)             Requested size: 373.30347pt x 335.14006pt.
 [27]
<Figures/Figures/control_flow.pdf, id=936, 536.64589pt x 1051.45618pt>
File: Figures/Figures/control_flow.pdf Graphic file (type pdf)
<use Figures/Figures/control_flow.pdf>
Package pdftex.def Info: Figures/Figures/control_flow.pdf  used on input line 1
57.
(pdftex.def)             Requested size: 409.71689pt x 802.78906pt.
 [28]
Overfull \vbox (235.28905pt too high) has occurred while \output is active []


[29 <./Figures/Figures/control_flow.pdf>]
File: Figures/Figures/processing_flow.pdf Graphic file (type pdf)
<use Figures/Figures/processing_flow.pdf>
Package pdftex.def Info: Figures/Figures/processing_flow.pdf  used on input lin
e 180.
(pdftex.def)             Requested size: 295.90587pt x 947.96721pt.
 [30]
Overfull \vbox (402.2172pt too high) has occurred while \output is active []


[31]
<Figures/Figures/uart_communication.pdf, id=973, 477.81612pt x 721.31181pt>
File: Figures/Figures/uart_communication.pdf Graphic file (type pdf)
<use Figures/Figures/uart_communication.pdf>
Package pdftex.def Info: Figures/Figures/uart_communication.pdf  used on input 
line 190.
(pdftex.def)             Requested size: 364.19664pt x 549.78758pt.
 [32 <./Figures/Figures/uart_communication.pdf>] [33] [34]
Overfull \hbox (66.92992pt too wide) in paragraph at lines 257--271
 [][] 
 []

[35]
<Figures/Figures/circuit_implementation.png, id=1013, 872.50969pt x 588.69937pt
>
File: Figures/Figures/circuit_implementation.png Graphic file (type png)
<use Figures/Figures/circuit_implementation.png>
Package pdftex.def Info: Figures/Figures/circuit_implementation.png  used on in
put line 309.
(pdftex.def)             Requested size: 432.48048pt x 286.7762pt.
 [36] [37 <./Figures/Figures/circuit_implementation.png>] [38]
Overfull \hbox (1.21019pt too wide) in paragraph at lines 350--351
[]\OT1/cmr/bx/n/12 image test: \OT1/cmr/m/n/12 Run the YOLOv11 model on the hel
d-out test set and re-port mAP@0.5,
 []

) [39] (Files/Chapter4_ResultsDiscussion.tex [40

]
Overfull \hbox (7.13034pt too wide) in paragraph at lines 47--52
[]\OT1/cmr/bx/n/12 Ejector driver tran-sis-tor up-grade: \OT1/cmr/m/n/12 PN2222
A BJTs were re-placed with \OT1/cmr/bx/n/12 IRLZ44N
 []

[41]
<Figures/Figures/electrical_schematic.pdf, id=1051, 656.39731pt x 354.54056pt>
File: Figures/Figures/electrical_schematic.pdf Graphic file (type pdf)
<use Figures/Figures/electrical_schematic.pdf>
Package pdftex.def Info: Figures/Figures/electrical_schematic.pdf  used on inpu
t line 77.
(pdftex.def)             Requested size: 373.30347pt x 201.63579pt.
<Figures/Figures/system_block_diagram.pdf, id=1052, 582.42691pt x 452.95122pt>
File: Figures/Figures/system_block_diagram.pdf Graphic file (type pdf)
<use Figures/Figures/system_block_diagram.pdf>
Package pdftex.def Info: Figures/Figures/system_block_diagram.pdf  used on inpu
t line 85.
(pdftex.def)             Requested size: 364.19664pt x 283.23895pt.
 [42 <./Figures/Figures/electrical_schematic.pdf>]
Overfull \hbox (5.7469pt too wide) in paragraph at lines 98--101
 []\OT1/cmr/bx/n/12 Full Cir-cuit Overview[] \OT1/cmr/m/n/12 Fig-ure []4.3[] sh
ows the com-plete Pro-teus schematic: four IRLZ44N
 []

<../project_proposal/images/Full_proteus_circuit.pdf, id=1079, 3186.90625pt x 2
319.66624pt>
File: ../project_proposal/images/Full_proteus_circuit.pdf Graphic file (type pd
f)
<use ../project_proposal/images/Full_proteus_circuit.pdf>
Package pdftex.def Info: ../project_proposal/images/Full_proteus_circuit.pdf  u
sed on input line 104.
(pdftex.def)             Requested size: 373.30347pt x 271.69363pt.
[43 <./Figures/Figures/system_block_diagram.pdf>]
<../project_proposal/images/Trigger_ON.PNG, id=1112, 566.86781pt x 398.23781pt>

File: ../project_proposal/images/Trigger_ON.PNG Graphic file (type png)
<use ../project_proposal/images/Trigger_ON.PNG>
Package pdftex.def Info: ../project_proposal/images/Trigger_ON.PNG  used on inp
ut line 126.
(pdftex.def)             Requested size: 355.08981pt x 249.46313pt.
 [44 <../project_proposal/images/Full_proteus_circuit.pdf>]
<../project_proposal/images/Trigger_OFF.PNG, id=1141, 842.39719pt x 502.12593pt
>
File: ../project_proposal/images/Trigger_OFF.PNG Graphic file (type png)
<use ../project_proposal/images/Trigger_OFF.PNG>
Package pdftex.def Info: ../project_proposal/images/Trigger_OFF.PNG  used on in
put line 135.
(pdftex.def)             Requested size: 355.08981pt x 211.65764pt.
 [45 <../project_proposal/images/Trigger_ON.PNG> <../project_proposal/images/Tr
igger_OFF.PNG>] [46]
LaTeX Font Info:    Font shape `OT1/cmtt/bx/n' in size <12> not available
(Font)              Font shape `OT1/cmtt/m/n' tried instead on input line 180.
<images/model__Training_Results/results.png, id=1157, 867.24pt x 433.62pt>
File: images/model__Training_Results/results.png Graphic file (type png)
<use images/model__Training_Results/results.png>
Package pdftex.def Info: images/model__Training_Results/results.png  used on in
put line 198.
(pdftex.def)             Requested size: 386.96024pt x 193.47969pt.
 [47 <./images/model__Training_Results/results.png>]
<images/model__Training_Results/F1_curve.png, id=1164, 650.43pt x 433.62pt>
File: images/model__Training_Results/F1_curve.png Graphic file (type png)
<use images/model__Training_Results/F1_curve.png>
Package pdftex.def Info: images/model__Training_Results/F1_curve.png  used on i
nput line 207.
(pdftex.def)             Requested size: 373.30347pt x 248.87302pt.
<images/model__Training_Results/PR_curve.png, id=1167, 650.43pt x 433.62pt>
File: images/model__Training_Results/PR_curve.png Graphic file (type png)
<use images/model__Training_Results/PR_curve.png>
Package pdftex.def Info: images/model__Training_Results/PR_curve.png  used on i
nput line 216.
(pdftex.def)             Requested size: 373.30347pt x 248.87302pt.
 [48 <./images/model__Training_Results/F1_curve.png>]
<images/model__Training_Results/confusion_matrix_normalized.png, id=1173, 867.2
4pt x 650.43pt>
File: images/model__Training_Results/confusion_matrix_normalized.png Graphic fi
le (type png)
<use images/model__Training_Results/confusion_matrix_normalized.png>
Package pdftex.def Info: images/model__Training_Results/confusion_matrix_normal
ized.png  used on input line 223.
(pdftex.def)             Requested size: 341.43306pt x 256.07838pt.

[49 <./images/model__Training_Results/PR_curve.png>]
<images/model__Training_Results/labels.jpg, id=1182, 578.16pt x 578.16pt>
File: images/model__Training_Results/labels.jpg Graphic file (type jpg)
<use images/model__Training_Results/labels.jpg>
Package pdftex.def Info: images/model__Training_Results/labels.jpg  used on inp
ut line 251.
(pdftex.def)             Requested size: 355.08981pt x 355.0855pt.
 [50 <./images/model__Training_Results/confusion_matrix_normalized.png>]
<images/model__Training_Results/val_batch0_labels.jpg, id=1189, 1927.2pt x 1927
.2pt>
File: images/model__Training_Results/val_batch0_labels.jpg Graphic file (type j
pg)
<use images/model__Training_Results/val_batch0_labels.jpg>
Package pdftex.def Info: images/model__Training_Results/val_batch0_labels.jpg  
used on input line 258.
(pdftex.def)             Requested size: 355.08981pt x 355.0855pt.
 [51 <./images/model__Training_Results/labels.jpg>]
<images/model__Training_Results/val_batch0_pred.jpg, id=1195, 1927.2pt x 1927.2
pt>
File: images/model__Training_Results/val_batch0_pred.jpg Graphic file (type jpg
)
<use images/model__Training_Results/val_batch0_pred.jpg>
Package pdftex.def Info: images/model__Training_Results/val_batch0_pred.jpg  us
ed on input line 269.
(pdftex.def)             Requested size: 355.08981pt x 355.0855pt.
 [52 <./images/model__Training_Results/val_batch0_labels.jpg>]
Overfull \hbox (19.25916pt too wide) in paragraph at lines 277--279
\OT1/cmr/m/n/12 The fol-low-ing soft-ware mod-ules have been de-vel-oped and ar
e tracked in the \OT1/cmtt/m/n/12 CoffeeBerry[]YOLO
 []

[53 <./images/model__Training_Results/val_batch0_pred.jpg>]
File: Figures/Figures/control_flow.pdf Graphic file (type pdf)
<use Figures/Figures/control_flow.pdf>
Package pdftex.def Info: Figures/Figures/control_flow.pdf  used on input line 2
93.
(pdftex.def)             Requested size: 345.98299pt x 677.90327pt.
 [54]
Overfull \vbox (110.40326pt too high) has occurred while \output is active []


[55]
Underfull \hbox (badness 10000) in paragraph at lines 309--309
[]|\OT1/cmr/m/n/12 Completed: global-shutter
 []


Underfull \hbox (badness 10000) in paragraph at lines 309--309
\OT1/cmr/m/n/12 cam-era, MOS-FET drivers,
 []


Underfull \hbox (badness 10000) in paragraph at lines 310--310
\OT1/cmr/m/n/12 bi-nary dataset com-piled,
 []


Overfull \hbox (40.11201pt too wide) in paragraph at lines 305--314
 [][] 
 []

) [56] (Files/Chapter5_Conclusion.tex [57

]) [58] (Interim_Report_Main.bbl
[59

]
Underfull \hbox (badness 10000) in paragraph at lines 101--104
[]\OT1/cmr/m/n/12 Espressif Sys-tems, ``ESP32 tech-ni-cal ref-er-ence man-ual, 
ver-sion 5.1,''
 []


Underfull \hbox (badness 10000) in paragraph at lines 101--104
[]$\OT1/cmr/m/n/12 https : / / www . espressif . com / sites / default / ^^Lles
 / documentation / esp32[]technical[]
 []

) [60] (Files/Appendices.tex
File: Figures/Figures/electrical_schematic.pdf Graphic file (type pdf)
<use Figures/Figures/electrical_schematic.pdf>
Package pdftex.def Info: Figures/Figures/electrical_schematic.pdf  used on inpu
t line 5.
(pdftex.def)             Requested size: 373.30347pt x 201.63579pt.
<Figures/Figures/esp32_schematic.pdf, id=1249, 407.90993pt x 442.54335pt>
File: Figures/Figures/esp32_schematic.pdf Graphic file (type pdf)
<use Figures/Figures/esp32_schematic.pdf>
Package pdftex.def Info: Figures/Figures/esp32_schematic.pdf  used on input lin
e 12.
(pdftex.def)             Requested size: 373.30347pt x 404.99747pt.
 [61

]
File: Figures/Figures/circuit_implementation.png Graphic file (type png)
<use Figures/Figures/circuit_implementation.png>
Package pdftex.def Info: Figures/Figures/circuit_implementation.png  used on in
put line 19.
(pdftex.def)             Requested size: 373.30347pt x 251.86922pt.
 [62 <./Figures/Figures/esp32_schematic.pdf>]
File: ../project_proposal/images/Full_proteus_circuit.pdf Graphic file (type pd
f)
<use ../project_proposal/images/Full_proteus_circuit.pdf>
Package pdftex.def Info: ../project_proposal/images/Full_proteus_circuit.pdf  u
sed on input line 26.
(pdftex.def)             Requested size: 373.30347pt x 271.69363pt.
<Figures/Figures/Time_Plan.jpeg, id=1295, 894.34125pt x 514.92375pt>
File: Figures/Figures/Time_Plan.jpeg Graphic file (type jpg)
<use Figures/Figures/Time_Plan.jpeg>
Package pdftex.def Info: Figures/Figures/Time_Plan.jpeg  used on input line 35.

(pdftex.def)             Requested size: 373.30347pt x 214.93864pt.

[63]
<Figures/Figures/Budget.jpeg, id=1300, 702.625pt x 538.01pt>
File: Figures/Figures/Budget.jpeg Graphic file (type jpg)
<use Figures/Figures/Budget.jpeg>
Package pdftex.def Info: Figures/Figures/Budget.jpeg  used on input line 42.
(pdftex.def)             Requested size: 355.08981pt x 271.90224pt.
<context/Old_F1_Curve_.png, id=1301, 650.43pt x 433.62pt>
File: context/Old_F1_Curve_.png Graphic file (type png)
<use context/Old_F1_Curve_.png>
Package pdftex.def Info: context/Old_F1_Curve_.png  used on input line 51.
(pdftex.def)             Requested size: 373.30347pt x 248.87302pt.
 [64 <./Figures/Figures/Time_Plan.jpeg> <./Figures/Figures/Budget.jpeg>]
File: context/Old_val_batch2_labels.jpg Graphic file (type jpg)
<use context/Old_val_batch2_labels.jpg>
Package pdftex.def Info: context/Old_val_batch2_labels.jpg  used on input line 
58.
(pdftex.def)             Requested size: 373.30347pt x 373.28822pt.

[65 <./context/Old_F1_Curve_.png>]

pdfTeX warning: pdflatex.exe (file ./images/Mechanical_Images/Bottom plate.pdf)
: PDF inclusion: found PDF version <1.6>, but at most version <1.5> allowed
<images/Mechanical_Images/Bottom plate.pdf, id=1312, 1195.46625pt x 845.1575pt>

File: images/Mechanical_Images/Bottom plate.pdf Graphic file (type pdf)
<use images/Mechanical_Images/Bottom plate.pdf>
Package pdftex.def Info: images/Mechanical_Images/Bottom plate.pdf  used on inp
ut line 69.
(pdftex.def)             Requested size: 418.82372pt x 296.09326pt.
[66]

pdfTeX warning: pdflatex.exe (file ./images/Mechanical_Images/Chute .pdf): PDF 
inclusion: found PDF version <1.6>, but at most version <1.5> allowed
<images/Mechanical_Images/Chute .pdf, id=1317, 1195.46625pt x 845.1575pt>
File: images/Mechanical_Images/Chute .pdf Graphic file (type pdf)
<use images/Mechanical_Images/Chute .pdf>
Package pdftex.def Info: images/Mechanical_Images/Chute .pdf  used on input lin
e 76.
(pdftex.def)             Requested size: 418.82372pt x 296.09326pt.
[67 <./images/Mechanical_Images/Bottom plate.pdf>]

pdfTeX warning: pdflatex.exe (file ./images/Mechanical_Images/Chute bracket.pdf
): PDF inclusion: found PDF version <1.6>, but at most version <1.5> allowed
<images/Mechanical_Images/Chute bracket.pdf, id=1343, 1195.46625pt x 845.1575pt
>
File: images/Mechanical_Images/Chute bracket.pdf Graphic file (type pdf)
<use images/Mechanical_Images/Chute bracket.pdf>
Package pdftex.def Info: images/Mechanical_Images/Chute bracket.pdf  used on in
put line 83.
(pdftex.def)             Requested size: 418.82372pt x 296.09326pt.
[68 <./images/Mechanical_Images/Chute .pdf>]

pdfTeX warning: pdflatex.exe (file ./images/Mechanical_Images/Feeder trough.pdf
): PDF inclusion: found PDF version <1.6>, but at most version <1.5> allowed
<images/Mechanical_Images/Feeder trough.pdf, id=1378, 1195.46625pt x 845.1575pt
>
File: images/Mechanical_Images/Feeder trough.pdf Graphic file (type pdf)
<use images/Mechanical_Images/Feeder trough.pdf>
Package pdftex.def Info: images/Mechanical_Images/Feeder trough.pdf  used on in
put line 90.
(pdftex.def)             Requested size: 418.82372pt x 296.09326pt.
[69 <./images/Mechanical_Images/Chute bracket.pdf>]

pdfTeX warning: pdflatex.exe (file ./images/Mechanical_Images/Hopper.pdf): PDF 
inclusion: found PDF version <1.6>, but at most version <1.5> allowed
<images/Mechanical_Images/Hopper.pdf, id=1407, 1195.46625pt x 845.1575pt>
File: images/Mechanical_Images/Hopper.pdf Graphic file (type pdf)
<use images/Mechanical_Images/Hopper.pdf>
Package pdftex.def Info: images/Mechanical_Images/Hopper.pdf  used on input lin
e 97.
(pdftex.def)             Requested size: 418.82372pt x 296.09326pt.
) [70 <./images/Mechanical_Images/Feeder trough.pdf>] [71 <./images/Mechanical_
Images/Hopper.pdf>] (Interim_Report_Main.aux)
 ***********
LaTeX2e <2025-11-01>
L3 programming layer <2025-11-06>
 ***********
Package rerunfilecheck Info: File `Interim_Report_Main.out' has not changed.
(rerunfilecheck)             Checksum: DAAE1B8908656710D555059FEAB83E8E;13501.
 ) 
Here is how much of TeX's memory you used:
 27915 strings out of 467870
 557671 string characters out of 5418838
 954270 words of memory out of 5000000
 56040 multiletter control sequences out of 15000+600000
 637551 words of font info for 76 fonts, out of 8000000 for 9000
 1141 hyphenation exceptions out of 8191
 99i,12n,108p,810b,577s stack positions out of 10000i,1000n,20000p,200000b,200000s
 <C:\Users\user\AppData\Local\MiKTeX\fonts/pk/ljfour/jknappen/ec/dpi600\tcrm1
200.pk><C:/Users/user/AppData/Local/Programs/MiKTeX/fonts/type1/public/amsfonts
/cm/cmbx10.pfb><C:/Users/user/AppData/Local/Programs/MiKTeX/fonts/type1/public/
amsfonts/cm/cmbx12.pfb><C:/Users/user/AppData/Local/Programs/MiKTeX/fonts/type1
/public/amsfonts/cm/cmbx8.pfb><C:/Users/user/AppData/Local/Programs/MiKTeX/font
s/type1/public/amsfonts/cm/cmbx9.pfb><C:/Users/user/AppData/Local/Programs/MiKT
eX/fonts/type1/public/amsfonts/cm/cmmi10.pfb><C:/Users/user/AppData/Local/Progr
ams/MiKTeX/fonts/type1/public/amsfonts/cm/cmmi12.pfb><C:/Users/user/AppData/Loc
al/Programs/MiKTeX/fonts/type1/public/amsfonts/cm/cmmi8.pfb><C:/Users/user/AppD
ata/Local/Programs/MiKTeX/fonts/type1/public/amsfonts/cm/cmr10.pfb><C:/Users/us
er/AppData/Local/Programs/MiKTeX/fonts/type1/public/amsfonts/cm/cmr12.pfb><C:/U
sers/user/AppData/Local/Programs/MiKTeX/fonts/type1/public/amsfonts/cm/cmr5.pfb
><C:/Users/user/AppData/Local/Programs/MiKTeX/fonts/type1/public/amsfonts/cm/cm
r8.pfb><C:/Users/user/AppData/Local/Programs/MiKTeX/fonts/type1/public/amsfonts
/cm/cmr9.pfb><C:/Users/user/AppData/Local/Programs/MiKTeX/fonts/type1/public/am
sfonts/cm/cmsl12.pfb><C:/Users/user/AppData/Local/Programs/MiKTeX/fonts/type1/p
ublic/amsfonts/cm/cmsy10.pfb><C:/Users/user/AppData/Local/Programs/MiKTeX/fonts
/type1/public/amsfonts/cm/cmsy8.pfb><C:/Users/user/AppData/Local/Programs/MiKTe
X/fonts/type1/public/amsfonts/cm/cmsy9.pfb><C:/Users/user/AppData/Local/Program
s/MiKTeX/fonts/type1/public/amsfonts/cm/cmti12.pfb><C:/Users/user/AppData/Local
/Programs/MiKTeX/fonts/type1/public/amsfonts/cm/cmti8.pfb><C:/Users/user/AppDat
a/Local/Programs/MiKTeX/fonts/type1/public/amsfonts/cm/cmtt12.pfb>
Output written on Interim_Report_Main.pdf (82 pages, 6105114 bytes).
PDF statistics:
 1591 PDF objects out of 1728 (max. 8388607)
 266 named destinations out of 1000 (max. 500000)
 762 words of extra memory for PDF output out of 10000 (max. 10000000)

