\BOOKMARK [1][-]{section*.1}{\376\377\000D\000e\000c\000l\000a\000r\000a\000t\000i\000o\000n}{}% 1
\BOOKMARK [1][-]{section*.2}{\376\377\000A\000c\000k\000n\000o\000w\000l\000e\000d\000g\000m\000e\000n\000t}{}% 2
\BOOKMARK [1][-]{section*.3}{\376\377\000A\000b\000s\000t\000r\000a\000c\000t}{}% 3
\BOOKMARK [1][-]{section*.4}{\376\377\000N\000o\000m\000e\000n\000c\000l\000a\000t\000u\000r\000e}{}% 4
\BOOKMARK [1][-]{section*.5}{\376\377\000L\000i\000s\000t\000\040\000o\000f\000\040\000F\000i\000g\000u\000r\000e\000s}{}% 5
\BOOKMARK [1][-]{section*.6}{\376\377\000L\000i\000s\000t\000\040\000o\000f\000\040\000T\000a\000b\000l\000e\000s}{}% 6
\BOOKMARK [1][-]{section.1}{\376\377\000I\000n\000t\000r\000o\000d\000u\000c\000t\000i\000o\000n}{}% 7
\BOOKMARK [2][-]{subsection.1.1}{\376\377\000B\000a\000c\000k\000g\000r\000o\000u\000n\000d\000\040\000o\000f\000\040\000S\000t\000u\000d\000y}{section.1}% 8
\BOOKMARK [2][-]{subsection.1.2}{\376\377\000P\000r\000o\000b\000l\000e\000m\000\040\000S\000t\000a\000t\000e\000m\000e\000n\000t}{section.1}% 9
\BOOKMARK [2][-]{subsection.1.3}{\376\377\000O\000b\000j\000e\000c\000t\000i\000v\000e\000s}{section.1}% 10
\BOOKMARK [2][-]{subsection.1.4}{\376\377\000J\000u\000s\000t\000i\000f\000i\000c\000a\000t\000i\000o\000n}{section.1}% 11
\BOOKMARK [2][-]{subsection.1.5}{\376\377\000E\000x\000p\000e\000c\000t\000e\000d\000\040\000O\000u\000t\000c\000o\000m\000e\000s}{section.1}% 12
\BOOKMARK [1][-]{section.2}{\376\377\000L\000i\000t\000e\000r\000a\000t\000u\000r\000e\000\040\000R\000e\000v\000i\000e\000w}{}% 13
\BOOKMARK [2][-]{subsection.2.1}{\376\377\000R\000e\000c\000o\000v\000e\000r\000y\000\040\000S\000y\000s\000t\000e\000m\000s\000\040\000i\000n\000\040\000S\000t\000u\000d\000e\000n\000t\000\040\000R\000o\000c\000k\000e\000t\000r\000y}{section.2}% 14
\BOOKMARK [2][-]{subsection.2.2}{\376\377\000T\000e\000l\000e\000m\000e\000t\000r\000y\000\040\000S\000y\000s\000t\000e\000m\000s\000\040\000A\000n\000a\000l\000y\000s\000i\000s}{section.2}% 15
\BOOKMARK [3][-]{subsubsection.2.2.1}{\376\377\000A\000n\000t\000e\000n\000n\000a\000\040\000O\000p\000t\000i\000o\000n\000s\000\040\000i\000n\000\040\000R\000e\000c\000o\000v\000e\000r\000y\000\040\000T\000e\000l\000e\000m\000e\000t\000r\000y}{subsection.2.2}% 16
\BOOKMARK [2][-]{subsection.2.3}{\376\377\000P\000y\000r\000o\000t\000e\000c\000h\000n\000i\000c\000\040\000D\000e\000p\000l\000o\000y\000m\000e\000n\000t\000\040\000a\000n\000d\000\040\000I\000g\000n\000i\000t\000i\000o\000n\000\040\000C\000o\000n\000t\000r\000o\000l}{section.2}% 17
\BOOKMARK [2][-]{subsection.2.4}{\376\377\000P\000o\000w\000e\000r\000\040\000a\000n\000d\000\040\000S\000t\000r\000u\000c\000t\000u\000r\000a\000l\000\040\000I\000n\000t\000e\000g\000r\000i\000t\000y\000\040\000i\000n\000\040\000H\000i\000g\000h\000-\000G\000\040\000F\000l\000i\000g\000h\000t}{section.2}% 18
\BOOKMARK [3][-]{subsubsection.2.4.1}{\376\377\000P\000E\000T\000G\000\040\000f\000o\000r\000\040\000F\000l\000i\000g\000h\000t\000-\000S\000t\000r\000u\000c\000t\000u\000r\000e\000\040\000C\000o\000m\000p\000o\000n\000e\000n\000t\000s}{subsection.2.4}% 19
\BOOKMARK [3][-]{subsubsection.2.4.2}{\376\377\000F\000l\000i\000g\000h\000t\000-\000C\000o\000m\000p\000u\000t\000e\000r\000\040\000H\000o\000l\000d\000e\000r\000\040\000D\000e\000s\000i\000g\000n\000\040\000P\000r\000o\000g\000r\000e\000s\000s\000i\000o\000n}{subsection.2.4}% 20
\BOOKMARK [2][-]{subsection.2.5}{\376\377\000P\000r\000e\000-\000f\000l\000i\000g\000h\000t\000\040\000M\000o\000n\000i\000t\000o\000r\000i\000n\000g\000\040\000a\000n\000d\000\040\000S\000y\000s\000t\000e\000m\000\040\000D\000i\000a\000g\000n\000o\000s\000t\000i\000c\000s}{section.2}% 21
\BOOKMARK [2][-]{subsection.2.6}{\376\377\000S\000u\000m\000m\000a\000r\000y\000\040\000o\000f\000\040\000R\000e\000s\000e\000a\000r\000c\000h\000\040\000G\000a\000p\000s}{section.2}% 22
\BOOKMARK [1][-]{section.3}{\376\377\000M\000e\000t\000h\000o\000d\000o\000l\000o\000g\000y}{}% 23
\BOOKMARK [2][-]{subsection.3.1}{\376\377\000D\000e\000s\000i\000g\000n\000\040\000A\000p\000p\000r\000o\000a\000c\000h\000\040\000a\000n\000d\000\040\000S\000u\000b\000s\000y\000s\000t\000e\000m\000\040\000D\000e\000c\000o\000m\000p\000o\000s\000i\000t\000i\000o\000n}{section.3}% 24
\BOOKMARK [2][-]{subsection.3.2}{\376\377\000M\000e\000t\000h\000o\000d\000o\000l\000o\000g\000y\000\040\000s\000t\000r\000u\000c\000t\000u\000r\000e}{section.3}% 25
\BOOKMARK [2][-]{subsection.3.3}{\376\377\000T\000e\000l\000e\000m\000e\000t\000r\000y\000\040\000M\000o\000d\000u\000l\000e\000\040\000D\000e\000s\000i\000g\000n\000\040\000M\000e\000t\000h\000o\000d\000o\000l\000o\000g\000y}{section.3}% 26
\BOOKMARK [3][-]{subsubsection.3.3.1}{\376\377\000T\000e\000l\000e\000m\000e\000t\000r\000y\000\040\000M\000o\000d\000u\000l\000e\000\040\000S\000c\000o\000p\000e}{subsection.3.3}% 27
\BOOKMARK [3][-]{subsubsection.3.3.2}{\376\377\000T\000e\000l\000e\000m\000e\000t\000r\000y\000\040\000D\000e\000s\000i\000g\000n\000\040\000C\000o\000n\000s\000i\000d\000e\000r\000a\000t\000i\000o\000n\000s}{subsection.3.3}% 28
\BOOKMARK [3][-]{subsubsection.3.3.3}{\376\377\000T\000e\000l\000e\000m\000e\000t\000r\000y\000\040\000P\000a\000r\000t\000s\000\040\000L\000i\000s\000t}{subsection.3.3}% 29
\BOOKMARK [3][-]{subsubsection.3.3.4}{\376\377\000T\000e\000l\000e\000m\000e\000t\000r\000y\000\040\000D\000e\000s\000i\000g\000n\000-\000O\000p\000t\000i\000o\000n\000\040\000C\000o\000m\000p\000a\000r\000i\000s\000o\000n}{subsection.3.3}% 30
\BOOKMARK [3][-]{subsubsection.3.3.5}{\376\377\000C\000h\000o\000s\000e\000n\000\040\000T\000e\000l\000e\000m\000e\000t\000r\000y\000\040\000D\000e\000s\000i\000g\000n\000\040\000a\000n\000d\000\040\000J\000u\000s\000t\000i\000f\000i\000c\000a\000t\000i\000o\000n}{subsection.3.3}% 31
\BOOKMARK [3][-]{subsubsection.3.3.6}{\376\377\000C\000o\000m\000m\000u\000n\000i\000c\000a\000t\000i\000o\000n\000\040\000M\000o\000d\000e\000\040\000A\000r\000c\000h\000i\000t\000e\000c\000t\000u\000r\000e\000\040\000a\000n\000d\000\040\000t\000h\000e\000\040\000B\000e\000a\000c\000o\000n\000\040\000P\000r\000o\000t\000o\000c\000o\000l}{subsection.3.3}% 32
\BOOKMARK [3][-]{subsubsection.3.3.7}{\376\377\000A\000n\000t\000e\000n\000n\000a\000\040\000O\000p\000t\000i\000o\000n\000s\000\040\000a\000n\000d\000\040\000S\000e\000l\000e\000c\000t\000i\000o\000n\000\040\000U\000s\000i\000n\000g\000\040\000L\000i\000n\000k\000-\000B\000u\000d\000g\000e\000t\000\040\000M\000a\000t\000h}{subsection.3.3}% 33
\BOOKMARK [2][-]{subsection.3.4}{\376\377\000E\000l\000e\000c\000t\000r\000i\000c\000a\000l\000\040\000M\000o\000d\000u\000l\000e\000\040\000w\000i\000t\000h\000\040\000D\000e\000p\000l\000o\000y\000m\000e\000n\000t\000\040\000S\000u\000b\000m\000o\000d\000u\000l\000e\000\040\000M\000e\000t\000h\000o\000d\000o\000l\000o\000g\000y}{section.3}% 34
\BOOKMARK [3][-]{subsubsection.3.4.1}{\376\377\000E\000l\000e\000c\000t\000r\000i\000c\000a\000l\000\040\000+\000\040\000D\000e\000p\000l\000o\000y\000m\000e\000n\000t\000\040\000M\000o\000d\000u\000l\000e\000\040\000S\000c\000o\000p\000e}{subsection.3.4}% 35
\BOOKMARK [3][-]{subsubsection.3.4.2}{\376\377\000D\000e\000s\000i\000g\000n\000\040\000C\000o\000n\000s\000i\000d\000e\000r\000a\000t\000i\000o\000n\000s}{subsection.3.4}% 36
\BOOKMARK [3][-]{subsubsection.3.4.3}{\376\377\000P\000r\000o\000t\000o\000c\000o\000l\000\040\000a\000n\000d\000\040\000I\000n\000t\000e\000r\000f\000a\000c\000e\000\040\000O\000p\000t\000i\000o\000n\000\040\000C\000o\000m\000p\000a\000r\000i\000s\000o\000n}{subsection.3.4}% 37
\BOOKMARK [3][-]{subsubsection.3.4.4}{\376\377\000C\000h\000o\000s\000e\000n\000\040\000E\000l\000e\000c\000t\000r\000i\000c\000a\000l\000\040\000A\000r\000c\000h\000i\000t\000e\000c\000t\000u\000r\000e}{subsection.3.4}% 38
\BOOKMARK [3][-]{subsubsection.3.4.5}{\376\377\000D\000i\000m\000e\000n\000s\000i\000o\000n\000a\000l\000\040\000C\000o\000n\000s\000t\000r\000a\000i\000n\000t\000s\000\040\000a\000n\000d\000\040\000P\000o\000w\000e\000r\000\040\000R\000e\000q\000u\000i\000r\000e\000m\000e\000n\000t\000s}{subsection.3.4}% 39
\BOOKMARK [3][-]{subsubsection.3.4.6}{\376\377\000E\000l\000e\000c\000t\000r\000i\000c\000a\000l\000\040\000M\000a\000t\000e\000r\000i\000a\000l\000s\000\040\000L\000i\000s\000t}{subsection.3.4}% 40
\BOOKMARK [3][-]{subsubsection.3.4.7}{\376\377\000C\000i\000r\000c\000u\000i\000t\000\040\000D\000e\000v\000e\000l\000o\000p\000m\000e\000n\000t\000\040\000W\000o\000r\000k\000f\000l\000o\000w}{subsection.3.4}% 41
\BOOKMARK [3][-]{subsubsection.3.4.8}{\376\377\000P\000o\000w\000e\000r\000-\000M\000o\000n\000i\000t\000o\000r\000i\000n\000g\000\040\000C\000a\000l\000c\000u\000l\000a\000t\000i\000o\000n\000s\000\040\000\050\000A\000D\000S\0001\0001\0001\0005\000\051}{subsection.3.4}% 42
\BOOKMARK [3][-]{subsubsection.3.4.9}{\376\377\000D\000e\000p\000l\000o\000y\000m\000e\000n\000t\000\040\000P\000W\000M\000\040\000a\000n\000d\000\040\000M\000O\000S\000F\000E\000T\000\040\000S\000e\000l\000e\000c\000t\000i\000o\000n}{subsection.3.4}% 43
\BOOKMARK [3][-]{subsubsection.3.4.10}{\376\377\000A\000d\000d\000i\000t\000i\000o\000n\000a\000l\000\040\000I\000m\000p\000l\000e\000m\000e\000n\000t\000a\000t\000i\000o\000n\000\040\000D\000e\000t\000a\000i\000l\000s}{subsection.3.4}% 44
\BOOKMARK [2][-]{subsection.3.5}{\376\377\000S\000t\000r\000u\000c\000t\000u\000r\000a\000l\000\040\000\050\000M\000e\000c\000h\000a\000n\000i\000c\000a\000l\000\051\000\040\000M\000o\000d\000u\000l\000e\000\040\000D\000e\000s\000i\000g\000n\000\040\000M\000e\000t\000h\000o\000d\000o\000l\000o\000g\000y}{section.3}% 45
\BOOKMARK [3][-]{subsubsection.3.5.1}{\376\377\000S\000t\000r\000u\000c\000t\000u\000r\000a\000l\000\040\000M\000o\000d\000u\000l\000e\000\040\000S\000c\000o\000p\000e}{subsection.3.5}% 46
\BOOKMARK [3][-]{subsubsection.3.5.2}{\376\377\000S\000t\000r\000u\000c\000t\000u\000r\000a\000l\000\040\000D\000e\000s\000i\000g\000n\000\040\000C\000o\000n\000s\000i\000d\000e\000r\000a\000t\000i\000o\000n\000s}{subsection.3.5}% 47
\BOOKMARK [3][-]{subsubsection.3.5.3}{\376\377\000S\000t\000r\000u\000c\000t\000u\000r\000a\000l\000\040\000P\000a\000r\000t\000s\000\040\000L\000i\000s\000t}{subsection.3.5}% 48
\BOOKMARK [3][-]{subsubsection.3.5.4}{\376\377\000S\000t\000r\000u\000c\000t\000u\000r\000a\000l\000\040\000D\000e\000s\000i\000g\000n\000\040\000O\000p\000t\000i\000o\000n\000\040\000C\000o\000m\000p\000a\000r\000i\000s\000o\000n}{subsection.3.5}% 49
\BOOKMARK [3][-]{subsubsection.3.5.5}{\376\377\000C\000h\000o\000s\000e\000n\000\040\000S\000t\000r\000u\000c\000t\000u\000r\000a\000l\000\040\000D\000e\000s\000i\000g\000n\000\040\000a\000n\000d\000\040\000I\000m\000p\000l\000e\000m\000e\000n\000t\000a\000t\000i\000o\000n}{subsection.3.5}% 50
\BOOKMARK [3][-]{subsubsection.3.5.6}{\376\377\000S\000t\000r\000u\000c\000t\000u\000r\000a\000l\000\040\000L\000o\000a\000d\000\040\000C\000a\000l\000c\000u\000l\000a\000t\000i\000o\000n\000s}{subsection.3.5}% 51
\BOOKMARK [2][-]{subsection.3.6}{\376\377\000E\000m\000b\000e\000d\000d\000e\000d\000\040\000S\000o\000f\000t\000w\000a\000r\000e\000\040\000M\000e\000t\000h\000o\000d\000o\000l\000o\000g\000y}{section.3}% 52
\BOOKMARK [3][-]{subsubsection.3.6.1}{\376\377\000S\000o\000f\000t\000w\000a\000r\000e\000\040\000M\000o\000d\000u\000l\000e\000\040\000S\000c\000o\000p\000e}{subsection.3.6}% 53
\BOOKMARK [3][-]{subsubsection.3.6.2}{\376\377\000S\000o\000f\000t\000w\000a\000r\000e\000\040\000D\000e\000s\000i\000g\000n\000\040\000C\000o\000n\000s\000i\000d\000e\000r\000a\000t\000i\000o\000n\000s}{subsection.3.6}% 54
\BOOKMARK [3][-]{subsubsection.3.6.3}{\376\377\000X\000B\000e\000e\000\040\000C\000o\000m\000m\000u\000n\000i\000c\000a\000t\000i\000o\000n\000\040\000I\000n\000t\000e\000r\000f\000a\000c\000e\000:\000\040\000S\000P\000I\000\040\000v\000s\000\040\000U\000A\000R\000T}{subsection.3.6}% 55
\BOOKMARK [3][-]{subsubsection.3.6.4}{\376\377\000R\000a\000d\000i\000o\000\040\000P\000r\000e\000-\000F\000l\000i\000g\000h\000t\000\040\000C\000o\000n\000f\000i\000g\000u\000r\000a\000t\000i\000o\000n\000\040\000v\000i\000a\000\040\000X\000C\000T\000U}{subsection.3.6}% 56
\BOOKMARK [3][-]{subsubsection.3.6.5}{\376\377\000C\000o\000m\000m\000u\000n\000i\000c\000a\000t\000i\000o\000n\000\040\000M\000a\000n\000a\000g\000e\000r\000\040\000A\000r\000c\000h\000i\000t\000e\000c\000t\000u\000r\000e}{subsection.3.6}% 57
\BOOKMARK [3][-]{subsubsection.3.6.6}{\376\377\000F\000i\000r\000m\000w\000a\000r\000e\000\040\000S\000t\000a\000t\000e\000\040\000M\000a\000c\000h\000i\000n\000e\000\040\000A\000r\000c\000h\000i\000t\000e\000c\000t\000u\000r\000e}{subsection.3.6}% 58
\BOOKMARK [3][-]{subsubsection.3.6.7}{\376\377\000P\000y\000r\000o\000t\000e\000c\000h\000n\000i\000c\000\040\000D\000e\000p\000l\000o\000y\000m\000e\000n\000t\000\040\000S\000o\000f\000t\000w\000a\000r\000e\000\040\000F\000l\000o\000w}{subsection.3.6}% 59
\BOOKMARK [3][-]{subsubsection.3.6.8}{\376\377\000P\000o\000w\000e\000r\000\040\000M\000o\000n\000i\000t\000o\000r\000i\000n\000g\000\040\000S\000o\000f\000t\000w\000a\000r\000e\000\040\000I\000n\000t\000e\000g\000r\000a\000t\000i\000o\000n\000\040\000\050\000I\000n\000\040\000P\000r\000o\000g\000r\000e\000s\000s\000\051}{subsection.3.6}% 60
\BOOKMARK [2][-]{subsection.3.7}{\376\377\000V\000a\000l\000i\000d\000a\000t\000i\000o\000n\000\040\000a\000n\000d\000\040\000T\000e\000s\000t\000\040\000M\000e\000t\000h\000o\000d}{section.3}% 61
\BOOKMARK [1][-]{section.4}{\376\377\000R\000e\000s\000u\000l\000t\000s\000\040\000a\000n\000d\000\040\000D\000i\000s\000c\000u\000s\000s\000i\000o\000n}{}% 62
\BOOKMARK [2][-]{subsection.4.1}{\376\377\000S\000y\000s\000t\000e\000m\000\040\000D\000e\000s\000i\000g\000n\000\040\000C\000o\000m\000p\000l\000e\000t\000i\000o\000n}{section.4}% 63
\BOOKMARK [3][-]{subsubsection.4.1.1}{\376\377\000M\000e\000c\000h\000a\000n\000i\000c\000a\000l\000\040\000S\000t\000r\000u\000c\000t\000u\000r\000a\000l\000\040\000D\000e\000s\000i\000g\000n}{subsection.4.1}% 64
\BOOKMARK [3][-]{subsubsection.4.1.2}{\376\377\000E\000l\000e\000c\000t\000r\000i\000c\000a\000l\000\040\000C\000i\000r\000c\000u\000i\000t\000\040\000D\000e\000s\000i\000g\000n}{subsection.4.1}% 65
\BOOKMARK [3][-]{subsubsection.4.1.3}{\376\377\000P\000o\000w\000e\000r\000\040\000M\000o\000n\000i\000t\000o\000r\000i\000n\000g\000\040\000S\000i\000m\000u\000l\000a\000t\000i\000o\000n}{subsection.4.1}% 66
\BOOKMARK [3][-]{subsubsection.4.1.4}{\376\377\000F\000a\000b\000r\000i\000c\000a\000t\000e\000d\000\040\000P\000C\000B}{subsection.4.1}% 67
\BOOKMARK [2][-]{subsection.4.2}{\376\377\000C\000o\000m\000p\000o\000n\000e\000n\000t\000\040\000P\000r\000o\000c\000u\000r\000e\000m\000e\000n\000t}{section.4}% 68
\BOOKMARK [2][-]{subsection.4.3}{\376\377\000P\000r\000e\000l\000i\000m\000i\000n\000a\000r\000y\000\040\000T\000e\000s\000t\000i\000n\000g\000\040\000R\000e\000s\000u\000l\000t\000s}{section.4}% 69
\BOOKMARK [3][-]{subsubsection.4.3.1}{\376\377\000P\000e\000n\000d\000i\000n\000g\000\040\000T\000e\000s\000t\000s\000\040\040\024\000\040\000S\000c\000h\000e\000d\000u\000l\000e\000d\000\040\000f\000o\000r\000\040\000N\000e\000x\000t\000\040\000P\000h\000a\000s\000e}{subsection.4.3}% 70
\BOOKMARK [2][-]{subsection.4.4}{\376\377\000F\000i\000r\000m\000w\000a\000r\000e\000\040\000D\000e\000v\000e\000l\000o\000p\000m\000e\000n\000t\000\040\000P\000r\000o\000g\000r\000e\000s\000s}{section.4}% 71
\BOOKMARK [3][-]{subsubsection.4.4.1}{\376\377\000C\000o\000m\000p\000l\000e\000t\000e\000d\000\040\000M\000o\000d\000u\000l\000e\000s}{subsection.4.4}% 72
\BOOKMARK [3][-]{subsubsection.4.4.2}{\376\377\000I\000n\000t\000e\000g\000r\000a\000t\000i\000o\000n\000\040\000S\000t\000a\000t\000u\000s}{subsection.4.4}% 73
\BOOKMARK [3][-]{subsubsection.4.4.3}{\376\377\000R\000e\000m\000a\000i\000n\000i\000n\000g\000\040\000F\000i\000r\000m\000w\000a\000r\000e\000\040\000W\000o\000r\000k}{subsection.4.4}% 74
\BOOKMARK [2][-]{subsection.4.5}{\376\377\000C\000h\000a\000l\000l\000e\000n\000g\000e\000s\000\040\000E\000n\000c\000o\000u\000n\000t\000e\000r\000e\000d}{section.4}% 75
\BOOKMARK [1][-]{section.5}{\376\377\000C\000o\000n\000c\000l\000u\000s\000i\000o\000n}{}% 76
\BOOKMARK [1][-]{section*.16}{\376\377\000R\000e\000f\000e\000r\000e\000n\000c\000e\000s}{}% 77
\BOOKMARK [1][-]{appendix.A}{\376\377\000A\000p\000p\000e\000n\000d\000i\000x\000\040\000A\000:\000\040\000C\000A\000D\000\040\000D\000r\000a\000w\000i\000n\000g\000s\000\040\000w\000i\000t\000h\000\040\000T\000i\000t\000l\000e\000\040\000B\000l\000o\000c\000k\000s}{}% 78
\BOOKMARK [1][-]{appendix.B}{\376\377\000A\000p\000p\000e\000n\000d\000i\000x\000\040\000B\000:\000\040\000F\000l\000i\000g\000h\000t\000\040\000C\000o\000m\000p\000u\000t\000e\000r\000\040\000a\000n\000d\000\040\000B\000a\000s\000e\000\040\000S\000t\000a\000t\000i\000o\000n\000\040\000C\000i\000r\000c\000u\000i\000t\000\040\000D\000e\000s\000i\000g\000n\000\040\000R\000e\000f\000e\000r\000e\000n\000c\000e}{}% 79
\BOOKMARK [1][-]{appendix.C}{\376\377\000A\000p\000p\000e\000n\000d\000i\000x\000\040\000C\000:\000\040\000P\000r\000o\000j\000e\000c\000t\000\040\000B\000u\000d\000g\000e\000t}{}% 80
\BOOKMARK [1][-]{appendix.D}{\376\377\000A\000p\000p\000e\000n\000d\000i\000x\000\040\000D\000:\000\040\000P\000r\000o\000j\000e\000c\000t\000\040\000T\000i\000m\000e\000p\000l\000a\000n}{}% 81
\BOOKMARK [1][-]{appendix.E}{\376\377\000A\000p\000p\000e\000n\000d\000i\000x\000\040\000E\000:\000\040\000L\000a\000b\000e\000l\000l\000e\000d\000\040\000A\000s\000s\000e\000m\000b\000l\000y\000\040\000R\000e\000f\000e\000r\000e\000n\000c\000e\000\040\000P\000h\000o\000t\000o\000g\000r\000a\000p\000h\000s}{}% 82
\BOOKMARK [1][-]{appendix.F}{\376\377\000A\000p\000p\000e\000n\000d\000i\000x\000\040\000F\000:\000\040\000F\000i\000r\000m\000w\000a\000r\000e\000\040\000C\000o\000d\000e\000\040\000S\000n\000i\000p\000p\000e\000t\000s\000\040\000a\000n\000d\000\040\000R\000e\000p\000o\000s\000i\000t\000o\000r\000y}{}% 83
